Microchip MPLAB XC8 Compiler V2.36

Linker command line:

-W-3 --edf=C:\Program Files\Microchip\xc8\v2.36\pic\dat\en_msgs.txt -cn \
  -h+dist/default/production\HMI_FULL_DUPLEX.X.production.sym \
  --cmf=dist/default/production\HMI_FULL_DUPLEX.X.production.cmf -z \
  -Q16F1939 -oC:\Users\iProf\AppData\Local\Temp\xcAslig.4 \
  --defsym=__MPLAB_BUILD=1 \
  -Mdist/default/production/HMI_FULL_DUPLEX.X.production.map \
  --md=C:\Users\iProf\AppData\Local\Temp\xcAslig.dat -E1 -ver=XC8 Compiler \
  --acfsm=1493 -ACODE=00h-07FFhx8 -ASTRCODE=00h-03FFFh -ASTRING=00h-0FFhx64 \
  -ACONST=00h-0FFhx64 -AENTRY=00h-0FFhx64 -ACOMMON=070h-07Fh \
  -ABANK0=020h-06Fh -ABANK1=0A0h-0EFh -ABANK2=0120h-016Fh \
  -ABANK3=01A0h-01EFh -ABANK4=0220h-026Fh -ABANK5=02A0h-02EFh \
  -ABANK6=0320h-036Fh -ABANK7=03A0h-03EFh -ABANK8=0420h-046Fh \
  -ABANK9=04A0h-04EFh -ABANK10=0520h-056Fh -ABANK11=05A0h-05EFh \
  -ABANK12=0620h-064Fh -ABIGRAM=02000h-023EFh \
  -ARAM=020h-06Fh,0A0h-0EFh,0120h-016Fh,01A0h-01EFh,0220h-026Fh,02A0h-02EFh,0320h-036Fh,03A0h-03EFh,0420h-046Fh,04A0h-04EFh,0520h-056Fh,05A0h-05EFh,0620h-064Fh \
  -AABS1=020h-07Fh,0A0h-0EFh,0120h-016Fh,01A0h-01EFh,0220h-026Fh,02A0h-02EFh,0320h-036Fh,03A0h-03EFh,0420h-046Fh,04A0h-04EFh,0520h-056Fh,05A0h-05EFh,0620h-064Fh \
  -ASFR0=00h-01Fh -ASFR1=080h-09Fh -ASFR2=0100h-011Fh -ASFR3=0180h-019Fh \
  -ASFR4=0200h-021Fh -ASFR5=0280h-029Fh -ASFR6=0300h-031Fh \
  -ASFR7=0380h-039Fh -ASFR8=0400h-041Fh -ASFR9=0480h-049Fh \
  -ASFR10=0500h-051Fh -ASFR11=0580h-059Fh -ASFR12=0600h-061Fh \
  -ASFR13=0680h-06EFh -ASFR14=0700h-076Fh -ASFR15=0780h-07EFh \
  -ASFR16=0800h-086Fh -ASFR17=0880h-08EFh -ASFR18=0900h-096Fh \
  -ASFR19=0980h-09EFh -ASFR20=0A00h-0A6Fh -ASFR21=0A80h-0AEFh \
  -ASFR22=0B00h-0B6Fh -ASFR23=0B80h-0BEFh -ASFR24=0C00h-0C6Fh \
  -ASFR25=0C80h-0CEFh -ASFR26=0D00h-0D6Fh -ASFR27=0D80h-0DEFh \
  -ASFR28=0E00h-0E6Fh -ASFR29=0E80h-0EEFh -ASFR30=0F00h-0F6Fh \
  -ASFR31=0F80h-0FEFh -ACONFIG=08007h-08008h -DCONFIG=2 \
  -AIDLOC=08000h-08003h -DIDLOC=2 -AEEDATA=00h-0FFh/0F000h \
  -peeprom_data=EEDATA -DEEDATA=2 -DCODE=2 -DSTRCODE=2 -DSTRING=2 -DCONST=2 \
  -DENTRY=2 -preset_vec=00h,intentry,init,end_init -ppowerup=CODE \
  -pcinit=CODE -pfunctab=ENTRY -k \
  C:\Users\iProf\AppData\Local\Temp\xcAslig.o \
  dist/default/production\HMI_FULL_DUPLEX.X.production.o 

Object code version is 3.11

Machine type is 16F1939



                Name                               Link     Load   Length Selector   Space Scale
C:\Users\iProf\AppData\Local\Temp\xcAslig.o
                end_init                              2        2        2        0       0
                reset_vec                             0        0        2        0       0
                config                             8007     8007        2        0       4
                idloc                              8000     8000        4        0       5
dist/default/production\HMI_FULL_DUPLEX.X.production.o
                cinit                               7ED      7ED       13      FDA       0
                config                             8007     8007        2        0       4
                idloc                              8000     8000        4        0       5
                text46                             1B9C     1B9C       1B     3738       0
                text45                             1AD1     1AD1        8     35A2       0
                text44                             1AB3     1AB3        6     3566       0
                text43                             1AB9     1AB9        6     3572       0
                text42                             1ABF     1ABF        6     357E       0
                text41                             1C5A     1C5A       23     38B4       0
                text40                             1AEE     1AEE        C     35DC       0
                text39                             1C38     1C38       22     3870       0
                text38                                5        5        4        A       0
                text37                             1AFA     1AFA       10     35F4       0
                text36                             104F     104F       AC     209E       0
                text35                             1BB7     1BB7       1F     376E       0
                text34                             1B38     1B38       18     3670       0
                text33                             1BF6     1BF6       21     37EC       0
                text32                             1F6C     1F6C       94     3ED8       0
                text31                             12D0     12D0      101     25A0       0
                text30                             10FB     10FB       EA     21F6       0
                text29                             1B68     1B68       1A     36D0       0
                text28                             1AD9     1AD9        A     35B2       0
                text27                             1AC5     1AC5        6     358A       0
                text26                             1CC9     1CC9       41     3992       0
                text25                             1CA0     1CA0       29     3940       0
                text24                             1B82     1B82       1A     3704       0
                text23                             1DB5     1DB5       59     3B6A       0
                text22                             14DC     14DC      170     29B8       0
                text21                             1E0E     1E0E       5F     3C1C       0
                text20                             1D0A     1D0A       53     3A14       0
                text19                             164C     164C      1B4     2C98       0
                text18                             1001     1001       4E     2002       0
                text17                             1EE1     1EE1       8B     3DC2       0
                text16                             1C7D     1C7D       23     38FA       0
                text15                              A77      A77      257     14EE       0
                text14                             1AE3     1AE3        B     35C6       0
                text13                              838      838      23F     1070       0
                text12                             1BD6     1BD6       20     37AC       0
                text11                             1E6D     1E6D       74     3CDA       0
                text10                                9        9       7F       12       0
                text9                              11E5     11E5       EB     23CA       0
                text8                              1C17     1C17       21     382E       0
                text7                              1B50     1B50       18     36A0       0
                text6                              1B0A     1B0A       17     3614       0
                text5                                88       88      765      110       0
                text4                              1D5D     1D5D       58     3ABA       0
                text3                               CCE      CCE      332     199C       0
                text2                               804      804       34     1008       0
                text1                              1B21     1B21       17     3642       0
                maintext                           13D1     13D1      10B     27A2       0
                cstackBANK0                          20       20       50       20       1
                cstackCOMMON                         70       70        E       70       1
                cstackBANK1                          A0       A0       50       A0       1
                cstackBANK2                         14F      14F       1E      120       1
                clrtext                            1ACB     1ACB        6     3596       0
                bssBANK3                            1A0      1A0       50      1A0       1
                bssBANK2                            120      120       2F      120       1
                stringtext6                        2032     2032        3     4000       0
                stringtext5                        202E     202E        4     4000       0
                stringtext4                        202A     202A        4     4000       0
                stringtext3                        2026     2026        4     4000       0
                stringtext2                        2022     2022        4     4000       0
                stringtext1                        2000     2000       22     4000       0

TOTAL           Name                               Link     Load   Length     Space
        CLASS   CODE           
                end_init                              2        2        2         0
                cinit                               7ED      7ED       13         0
                reset_vec                             0        0        2         0
                text46                             1B9C     1B9C       1B         0
                text45                             1AD1     1AD1        8         0
                text44                             1AB3     1AB3        6         0
                text43                             1AB9     1AB9        6         0
                text42                             1ABF     1ABF        6         0
                text41                             1C5A     1C5A       23         0
                text40                             1AEE     1AEE        C         0
                text39                             1C38     1C38       22         0
                text38                                5        5        4         0
                text37                             1AFA     1AFA       10         0
                text36                             104F     104F       AC         0
                text35                             1BB7     1BB7       1F         0
                text34                             1B38     1B38       18         0
                text33                             1BF6     1BF6       21         0
                text32                             1F6C     1F6C       94         0
                text31                             12D0     12D0      101         0
                text30                             10FB     10FB       EA         0
                text29                             1B68     1B68       1A         0
                text28                             1AD9     1AD9        A         0
                text27                             1AC5     1AC5        6         0
                text26                             1CC9     1CC9       41         0
                text25                             1CA0     1CA0       29         0
                text24                             1B82     1B82       1A         0
                text23                             1DB5     1DB5       59         0
                text22                             14DC     14DC      170         0
                text21                             1E0E     1E0E       5F         0
                text20                             1D0A     1D0A       53         0
                text19                             164C     164C      1B4         0
                text18                             1001     1001       4E         0
                text17                             1EE1     1EE1       8B         0
                text16                             1C7D     1C7D       23         0
                text15                              A77      A77      257         0
                text14                             1AE3     1AE3        B         0
                text13                              838      838      23F         0
                text12                             1BD6     1BD6       20         0
                text11                             1E6D     1E6D       74         0
                text10                                9        9       7F         0
                text9                              11E5     11E5       EB         0
                text8                              1C17     1C17       21         0
                text7                              1B50     1B50       18         0
                text6                              1B0A     1B0A       17         0
                text5                                88       88      765         0
                text4                              1D5D     1D5D       58         0
                text3                               CCE      CCE      332         0
                text2                               804      804       34         0
                text1                              1B21     1B21       17         0
                maintext                           13D1     13D1      10B         0
                clrtext                            1ACB     1ACB        6         0

        CLASS   STRCODE        
                stringtext6                        2032     2032        3         0
                stringtext5                        202E     202E        4         0
                stringtext4                        202A     202A        4         0
                stringtext3                        2026     2026        4         0
                stringtext2                        2022     2022        4         0
                stringtext1                        2000     2000       22         0

        CLASS   STRING         

        CLASS   CONST          

        CLASS   ENTRY          

        CLASS   COMMON         
                cstackCOMMON                         70       70        E         1

        CLASS   BANK0          
                cstackBANK0                          20       20       50         1

        CLASS   BANK1          
                cstackBANK1                          A0       A0       50         1

        CLASS   BANK2          
                cstackBANK2                         14F      14F       1E         1
                bssBANK2                            120      120       2F         1

        CLASS   BANK3          
                bssBANK3                            1A0      1A0       50         1

        CLASS   BANK4          

        CLASS   BANK5          

        CLASS   BANK6          

        CLASS   BANK7          

        CLASS   BANK8          

        CLASS   BANK9          

        CLASS   BANK10         

        CLASS   BANK11         

        CLASS   BANK12         

        CLASS   BIGRAM         

        CLASS   RAM            

        CLASS   ABS1           
                abs_s1                               7E       7E        2         1

        CLASS   SFR0           

        CLASS   SFR1           

        CLASS   SFR2           

        CLASS   SFR3           

        CLASS   SFR4           

        CLASS   SFR5           

        CLASS   SFR6           

        CLASS   SFR7           

        CLASS   SFR8           

        CLASS   SFR9           

        CLASS   SFR10          

        CLASS   SFR11          

        CLASS   SFR12          

        CLASS   SFR13          

        CLASS   SFR14          

        CLASS   SFR15          

        CLASS   SFR16          

        CLASS   SFR17          

        CLASS   SFR18          

        CLASS   SFR19          

        CLASS   SFR20          

        CLASS   SFR21          

        CLASS   SFR22          

        CLASS   SFR23          

        CLASS   SFR24          

        CLASS   SFR25          

        CLASS   SFR26          

        CLASS   SFR27          

        CLASS   SFR28          

        CLASS   SFR29          

        CLASS   SFR30          

        CLASS   SFR31          

        CLASS   CONFIG         
                config                             8007     8007        2         4

        CLASS   IDLOC          
                idloc                              8000     8000        4         5

        CLASS   EEDATA         

        CLASS   BANK31         

        CLASS   BANK30         

        CLASS   BANK29         

        CLASS   BANK28         

        CLASS   BANK27         

        CLASS   BANK26         

        CLASS   BANK25         

        CLASS   BANK24         

        CLASS   BANK23         

        CLASS   BANK22         

        CLASS   BANK21         

        CLASS   BANK20         

        CLASS   BANK19         

        CLASS   BANK18         

        CLASS   BANK17         

        CLASS   BANK16         

        CLASS   BANK15         

        CLASS   BANK14         

        CLASS   BANK13         

        CLASS   HEAP           

        CLASS   STACK          



SEGMENTS        Name                           Load    Length   Top    Selector   Space  Class     Delta

                reset_vec                      000000  000004  000004         0       0  CODE        2
                text38                         000005  000004  000009         A       0  CODE        2
                text10                         000009  00007F  000088        12       0  CODE        2
                cstackBANK0                    000020  000050  000070        20       1  BANK0       1
                cstackCOMMON                   000070  00000E  00007E        70       1  COMMON      1
                cstackBANK1                    0000A0  000050  0000F0        A0       1  BANK1       1
                text5                          000088  000765  0007ED       110       0  CODE        2
                bssBANK2                       000120  00004D  00016D       120       1  BANK2       1
                bssBANK3                       0001A0  000050  0001F0       1A0       1  BANK3       1
                cinit                          0007ED  000013  000800       FDA       0  CODE        2
                text2                          000804  000034  000838      1008       0  CODE        2
                text13                         000838  00023F  000A77      1070       0  CODE        2
                text15                         000A77  000257  000CCE      14EE       0  CODE        2
                text3                          000CCE  000332  001000      199C       0  CODE        2
                text18                         001001  00004E  00104F      2002       0  CODE        2
                text36                         00104F  0000AC  0010FB      209E       0  CODE        2
                text30                         0010FB  0000EA  0011E5      21F6       0  CODE        2
                text9                          0011E5  0000EB  0012D0      23CA       0  CODE        2
                text31                         0012D0  000101  0013D1      25A0       0  CODE        2
                maintext                       0013D1  00010B  0014DC      27A2       0  CODE        2
                text22                         0014DC  000170  00164C      29B8       0  CODE        2
                text19                         00164C  0001B4  001800      2C98       0  CODE        2
                text44                         001AB3  000006  001AB9      3566       0  CODE        2
                text43                         001AB9  000006  001ABF      3572       0  CODE        2
                text42                         001ABF  000006  001AC5      357E       0  CODE        2
                text27                         001AC5  000006  001ACB      358A       0  CODE        2
                clrtext                        001ACB  000006  001AD1      3596       0  CODE        2
                text45                         001AD1  000008  001AD9      35A2       0  CODE        2
                text28                         001AD9  00000A  001AE3      35B2       0  CODE        2
                text14                         001AE3  00000B  001AEE      35C6       0  CODE        2
                text40                         001AEE  00000C  001AFA      35DC       0  CODE        2
                text37                         001AFA  000010  001B0A      35F4       0  CODE        2
                text6                          001B0A  000017  001B21      3614       0  CODE        2
                text1                          001B21  000017  001B38      3642       0  CODE        2
                text34                         001B38  000018  001B50      3670       0  CODE        2
                text7                          001B50  000018  001B68      36A0       0  CODE        2
                text29                         001B68  00001A  001B82      36D0       0  CODE        2
                text24                         001B82  00001A  001B9C      3704       0  CODE        2
                text46                         001B9C  00001B  001BB7      3738       0  CODE        2
                text35                         001BB7  00001F  001BD6      376E       0  CODE        2
                text12                         001BD6  000020  001BF6      37AC       0  CODE        2
                text33                         001BF6  000021  001C17      37EC       0  CODE        2
                text8                          001C17  000021  001C38      382E       0  CODE        2
                text39                         001C38  000022  001C5A      3870       0  CODE        2
                text41                         001C5A  000023  001C7D      38B4       0  CODE        2
                text16                         001C7D  000023  001CA0      38FA       0  CODE        2
                text25                         001CA0  000029  001CC9      3940       0  CODE        2
                text26                         001CC9  000041  001D0A      3992       0  CODE        2
                text20                         001D0A  000053  001D5D      3A14       0  CODE        2
                text4                          001D5D  000058  001DB5      3ABA       0  CODE        2
                text23                         001DB5  000059  001E0E      3B6A       0  CODE        2
                text21                         001E0E  00005F  001E6D      3C1C       0  CODE        2
                text11                         001E6D  000074  001EE1      3CDA       0  CODE        2
                text17                         001EE1  00008B  001F6C      3DC2       0  CODE        2
                text32                         001F6C  000094  002000      3ED8       0  CODE        2
                stringtext1                    002000  000035  002035      4000       0  STRCODE     2


UNUSED ADDRESS RANGES

        Name                Unused          Largest block    Delta
        BANK10           00520-0056F              50           1
        BANK11           005A0-005EF              50           1
        BANK12           00620-0064F              30           1
        BANK2            0016D-0016F               3           1
        BANK4            00220-0026F              50           1
        BANK5            002A0-002EF              50           1
        BANK6            00320-0036F              50           1
        BANK7            003A0-003EF              50           1
        BANK8            00420-0046F              50           1
        BANK9            004A0-004EF              50           1
        BIGRAM           02000-023EF             3F0           1
        CODE             00004-00004               1           2
                         00800-00803               4
                         01000-01000               1
                         01800-01AB2             2B3
                         02035-03FFF             800
        CONST            00004-00004               1           2
                         00800-00803               4
                         01000-01000               1
                         01800-01AB2             100
                         02035-03FFF             100
        EEDATA           0F000-0F0FF             100           2
        ENTRY            00004-00004               1           2
                         00800-00803               4
                         01000-01000               1
                         01800-01AB2             100
                         02035-03FFF             100
        RAM              0016D-0016F               3           1
                         00220-0026F              50
                         002A0-002EF              50
                         00320-0036F              50
                         003A0-003EF              50
                         00420-0046F              50
                         004A0-004EF              50
                         00520-0056F              50
                         005A0-005EF              50
                         00620-0064F              30
        SFR0             00000-0001F              20           1
        SFR1             00080-0009F              20           1
        SFR10            00500-0051F              20           1
        SFR11            00580-0059F              20           1
        SFR12            00600-0061F              20           1
        SFR13            00680-006EF              70           1
        SFR14            00700-0076F              70           1
        SFR15            00780-007EF              70           1
        SFR16            00800-0086F              70           1
        SFR17            00880-008EF              70           1
        SFR18            00900-0096F              70           1
        SFR19            00980-009EF              70           1
        SFR2             00100-0011F              20           1
        SFR20            00A00-00A6F              70           1
        SFR21            00A80-00AEF              70           1
        SFR22            00B00-00B6F              70           1
        SFR23            00B80-00BEF              70           1
        SFR24            00C00-00C6F              70           1
        SFR25            00C80-00CEF              70           1
        SFR26            00D00-00D6F              70           1
        SFR27            00D80-00DEF              70           1
        SFR28            00E00-00E6F              70           1
        SFR29            00E80-00EEF              70           1
        SFR3             00180-0019F              20           1
        SFR30            00F00-00F6F              70           1
        SFR31            00F80-00FEF              70           1
        SFR4             00200-0021F              20           1
        SFR5             00280-0029F              20           1
        SFR6             00300-0031F              20           1
        SFR7             00380-0039F              20           1
        SFR8             00400-0041F              20           1
        SFR9             00480-0049F              20           1
        STRCODE          00004-00004               1           2
                         00800-00803               4
                         01000-01000               1
                         01800-01AB2             2B3
                         02035-03FFF            1FCB
        STRING           00004-00004               1           2
                         00800-00803               4
                         01000-01000               1
                         01800-01AB2             100
                         02035-03FFF             100

                                  Symbol Table

?_ADC_GetConversion                            cstackCOMMON 00070
?__Umul8_16                                    cstackCOMMON 00070
?___aodiv                                      cstackBANK0  00020
?___aomod                                      cstackBANK0  00020
?___awdiv                                      cstackCOMMON 00070
?___awmod                                      cstackCOMMON 00070
?___fladd                                      cstackCOMMON 00070
?___fldiv                                      cstackBANK0  0003A
?___flmul                                      cstackBANK0  00020
?___flneg                                      cstackCOMMON 00070
?___flsub                                      cstackBANK0  0003A
?___fltol                                      cstackCOMMON 00070
?___fpclassifyf                                cstackCOMMON 00070
?___wmul                                       cstackCOMMON 00070
?___xxtofl                                     cstackCOMMON 00070
?_abs                                          cstackCOMMON 00073
?_atoi                                         cstackCOMMON 00076
?_dtoa                                         cstackBANK0  00030
?_efgtoa                                       cstackBANK0  00068
?_floorf                                       cstackBANK0  00054
?_isdigit                                      cstackCOMMON 00070
?_isspace                                      cstackCOMMON 00070
?_isupper                                      cstackCOMMON 00070
?_pad                                          cstackBANK0  00024
?_printf                                       cstackBANK2  00152
?_strlen                                       cstackCOMMON 00070
?_strncmp                                      cstackCOMMON 00070
?_tolower                                      cstackCOMMON 00076
?_vfpfcnvrt                                    cstackBANK1  000D3
?_vfprintf                                     cstackBANK1  000EB
ADC_GetConversion@channel                      cstackCOMMON 00073
EUSART_SetErrorHandler@interruptHandler        cstackCOMMON 00070
EUSART_SetFramingErrorHandler@interruptHandler cstackCOMMON 00070
EUSART_SetOverrunErrorHandler@interruptHandler cstackCOMMON 00070
EUSART_Write@txData                            cstackCOMMON 00070
_ADCON0                                        (abs)        0009D
_ADCON0bits                                    (abs)        0009D
_ADCON1                                        (abs)        0009E
_ADC_GetConversion                             text46       01B9C
_ADC_Initialize                                text45       01AD1
_ADRESH                                        (abs)        0009C
_ADRESL                                        (abs)        0009B
_ANSELA                                        (abs)        0018C
_ANSELB                                        (abs)        0018D
_ANSELD                                        (abs)        0018F
_ANSELE                                        (abs)        00190
_APFCON                                        (abs)        0011D
_BAUDCON                                       (abs)        0019F
_BORCON                                        (abs)        00116
_EUSART_DefaultErrorHandler                    (abs)        00000
_EUSART_DefaultFramingErrorHandler             (abs)        00000
_EUSART_DefaultOverrunErrorHandler             (abs)        00000
_EUSART_ErrorHandler                           bssBANK2     00138
_EUSART_FramingErrorHandler                    bssBANK2     0013C
_EUSART_Initialize                             text41       01C5A
_EUSART_OverrunErrorHandler                    bssBANK2     0013A
_EUSART_SetErrorHandler                        text44       01AB3
_EUSART_SetFramingErrorHandler                 text43       01AB9
_EUSART_SetOverrunErrorHandler                 text42       01ABF
_EUSART_Write                                  text28       01AD9
_LATA                                          (abs)        0010C
_LATB                                          (abs)        0010D
_LATC                                          (abs)        0010E
_LATD                                          (abs)        0010F
_LATE                                          (abs)        00110
_OPTION_REGbits                                (abs)        00095
_OSCCON                                        (abs)        00099
_OSCILLATOR_Initialize                         text40       01AEE
_OSCTUNE                                       (abs)        00098
_PIN_MANAGER_Initialize                        text39       01C38
_PIR1bits                                      (abs)        00011
_PLLR                                          (abs)        004D6
_PORTBbits                                     (abs)        0000D
_RCREG                                         (abs)        00199
_RCSTA                                         (abs)        0019D
_RCSTAbits                                     (abs)        0019D
_SPBRGH                                        (abs)        0019C
_SPBRGL                                        (abs)        0019B
_SYSTEM_Initialize                             text37       01AFA
_TRISA                                         (abs)        0008C
_TRISB                                         (abs)        0008D
_TRISC                                         (abs)        0008E
_TRISD                                         (abs)        0008F
_TRISE                                         (abs)        00090
_TXREG                                         (abs)        0019A
_TXSTA                                         (abs)        0019E
_TXSTAbits                                     (abs)        0019E
_WDTCON                                        (abs)        00097
_WDT_Initialize                                text38       00005
_WPUB                                          (abs)        0020D
_WPUE                                          (abs)        00210
__Habs1                                        abs1         00000
__Hbank0                                       bank0        00000
__Hbank1                                       bank1        00000
__Hbank10                                      bank10       00000
__Hbank11                                      bank11       00000
__Hbank12                                      bank12       00000
__Hbank13                                      bank13       00000
__Hbank14                                      bank14       00000
__Hbank15                                      bank15       00000
__Hbank16                                      bank16       00000
__Hbank17                                      bank17       00000
__Hbank18                                      bank18       00000
__Hbank19                                      bank19       00000
__Hbank2                                       bank2        00000
__Hbank20                                      bank20       00000
__Hbank21                                      bank21       00000
__Hbank22                                      bank22       00000
__Hbank23                                      bank23       00000
__Hbank24                                      bank24       00000
__Hbank25                                      bank25       00000
__Hbank26                                      bank26       00000
__Hbank27                                      bank27       00000
__Hbank28                                      bank28       00000
__Hbank29                                      bank29       00000
__Hbank3                                       bank3        00000
__Hbank30                                      bank30       00000
__Hbank31                                      bank31       00000
__Hbank4                                       bank4        00000
__Hbank5                                       bank5        00000
__Hbank6                                       bank6        00000
__Hbank7                                       bank7        00000
__Hbank8                                       bank8        00000
__Hbank9                                       bank9        00000
__Hbigram                                      bigram       00000
__HbssBANK2                                    bssBANK2     00000
__HbssBANK3                                    bssBANK3     00000
__Hcinit                                       cinit        00800
__Hclrtext                                     clrtext      00000
__Hcode                                        code         00000
__Hcommon                                      common       00000
__Hconfig                                      config       08009
__HcstackBANK0                                 cstackBANK0  00000
__HcstackBANK1                                 cstackBANK1  00000
__HcstackBANK2                                 cstackBANK2  00000
__HcstackCOMMON                                cstackCOMMON 00000
__Heeprom_data                                 eeprom_data  00000
__Hend_init                                    end_init     00004
__Hfunctab                                     functab      00000
__Hheap                                        heap         00000
__Hidloc                                       idloc        08004
__Hinit                                        init         00002
__Hintentry                                    intentry     00002
__Hmaintext                                    maintext     00000
__Hpowerup                                     powerup      00000
__Hram                                         ram          00000
__Hreset_vec                                   reset_vec    00002
__Hsfr0                                        sfr0         00000
__Hsfr1                                        sfr1         00000
__Hsfr10                                       sfr10        00000
__Hsfr11                                       sfr11        00000
__Hsfr12                                       sfr12        00000
__Hsfr13                                       sfr13        00000
__Hsfr14                                       sfr14        00000
__Hsfr15                                       sfr15        00000
__Hsfr16                                       sfr16        00000
__Hsfr17                                       sfr17        00000
__Hsfr18                                       sfr18        00000
__Hsfr19                                       sfr19        00000
__Hsfr2                                        sfr2         00000
__Hsfr20                                       sfr20        00000
__Hsfr21                                       sfr21        00000
__Hsfr22                                       sfr22        00000
__Hsfr23                                       sfr23        00000
__Hsfr24                                       sfr24        00000
__Hsfr25                                       sfr25        00000
__Hsfr26                                       sfr26        00000
__Hsfr27                                       sfr27        00000
__Hsfr28                                       sfr28        00000
__Hsfr29                                       sfr29        00000
__Hsfr3                                        sfr3         00000
__Hsfr30                                       sfr30        00000
__Hsfr31                                       sfr31        00000
__Hsfr4                                        sfr4         00000
__Hsfr5                                        sfr5         00000
__Hsfr6                                        sfr6         00000
__Hsfr7                                        sfr7         00000
__Hsfr8                                        sfr8         00000
__Hsfr9                                        sfr9         00000
__Hspace_0                                     (abs)        02035
__Hspace_1                                     (abs)        001F0
__Hspace_2                                     (abs)        00000
__Hspace_3                                     (abs)        00000
__Hspace_4                                     (abs)        10010
__Hstack                                       stack        00000
__Hstrings                                     strings      00000
__Hstringtext1                                 stringtext1  00000
__Hstringtext2                                 stringtext2  00000
__Hstringtext3                                 stringtext3  00000
__Hstringtext4                                 stringtext4  00000
__Hstringtext5                                 stringtext5  00000
__Hstringtext6                                 stringtext6  00000
__Hstringtext7                                 stringtext7  00000
__Htext                                        text         00000
__Labs1                                        abs1         00000
__Lbank0                                       bank0        00000
__Lbank1                                       bank1        00000
__Lbank10                                      bank10       00000
__Lbank11                                      bank11       00000
__Lbank12                                      bank12       00000
__Lbank13                                      bank13       00000
__Lbank14                                      bank14       00000
__Lbank15                                      bank15       00000
__Lbank16                                      bank16       00000
__Lbank17                                      bank17       00000
__Lbank18                                      bank18       00000
__Lbank19                                      bank19       00000
__Lbank2                                       bank2        00000
__Lbank20                                      bank20       00000
__Lbank21                                      bank21       00000
__Lbank22                                      bank22       00000
__Lbank23                                      bank23       00000
__Lbank24                                      bank24       00000
__Lbank25                                      bank25       00000
__Lbank26                                      bank26       00000
__Lbank27                                      bank27       00000
__Lbank28                                      bank28       00000
__Lbank29                                      bank29       00000
__Lbank3                                       bank3        00000
__Lbank30                                      bank30       00000
__Lbank31                                      bank31       00000
__Lbank4                                       bank4        00000
__Lbank5                                       bank5        00000
__Lbank6                                       bank6        00000
__Lbank7                                       bank7        00000
__Lbank8                                       bank8        00000
__Lbank9                                       bank9        00000
__Lbigram                                      bigram       00000
__LbssBANK2                                    bssBANK2     00000
__LbssBANK3                                    bssBANK3     00000
__Lcinit                                       cinit        007ED
__Lclrtext                                     clrtext      00000
__Lcode                                        code         00000
__Lcommon                                      common       00000
__Lconfig                                      config       00000
__LcstackBANK0                                 cstackBANK0  00000
__LcstackBANK1                                 cstackBANK1  00000
__LcstackBANK2                                 cstackBANK2  00000
__LcstackCOMMON                                cstackCOMMON 00000
__Leeprom_data                                 eeprom_data  00000
__Lend_init                                    end_init     00002
__Lfunctab                                     functab      00000
__Lheap                                        heap         00000
__Lidloc                                       idloc        00000
__Linit                                        init         00002
__Lintentry                                    intentry     00002
__Lmaintext                                    maintext     00000
__Lpowerup                                     powerup      00000
__Lram                                         ram          00000
__Lreset_vec                                   reset_vec    00000
__Lsfr0                                        sfr0         00000
__Lsfr1                                        sfr1         00000
__Lsfr10                                       sfr10        00000
__Lsfr11                                       sfr11        00000
__Lsfr12                                       sfr12        00000
__Lsfr13                                       sfr13        00000
__Lsfr14                                       sfr14        00000
__Lsfr15                                       sfr15        00000
__Lsfr16                                       sfr16        00000
__Lsfr17                                       sfr17        00000
__Lsfr18                                       sfr18        00000
__Lsfr19                                       sfr19        00000
__Lsfr2                                        sfr2         00000
__Lsfr20                                       sfr20        00000
__Lsfr21                                       sfr21        00000
__Lsfr22                                       sfr22        00000
__Lsfr23                                       sfr23        00000
__Lsfr24                                       sfr24        00000
__Lsfr25                                       sfr25        00000
__Lsfr26                                       sfr26        00000
__Lsfr27                                       sfr27        00000
__Lsfr28                                       sfr28        00000
__Lsfr29                                       sfr29        00000
__Lsfr3                                        sfr3         00000
__Lsfr30                                       sfr30        00000
__Lsfr31                                       sfr31        00000
__Lsfr4                                        sfr4         00000
__Lsfr5                                        sfr5         00000
__Lsfr6                                        sfr6         00000
__Lsfr7                                        sfr7         00000
__Lsfr8                                        sfr8         00000
__Lsfr9                                        sfr9         00000
__Lspace_0                                     (abs)        00000
__Lspace_1                                     (abs)        00000
__Lspace_2                                     (abs)        00000
__Lspace_3                                     (abs)        00000
__Lspace_4                                     (abs)        00000
__Lstack                                       stack        00000
__Lstrings                                     strings      00000
__Lstringtext1                                 stringtext1  00000
__Lstringtext2                                 stringtext2  00000
__Lstringtext3                                 stringtext3  00000
__Lstringtext4                                 stringtext4  00000
__Lstringtext5                                 stringtext5  00000
__Lstringtext6                                 stringtext6  00000
__Lstringtext7                                 stringtext7  00000
__Ltext                                        text         00000
__S0                                           (abs)        02035
__S1                                           (abs)        001F0
__S3                                           (abs)        00000
__Umul8_16                                     text16       01C7D
__Umul8_16@multiplicand                        cstackCOMMON 00070
__Umul8_16@multiplier                          cstackCOMMON 00078
__Umul8_16@product                             cstackCOMMON 00074
__Umul8_16@word_mpld                           cstackCOMMON 00076
___aodiv                                       text31       012D0
___aodiv@counter                               cstackCOMMON 00071
___aodiv@dividend                              cstackBANK0  00028
___aodiv@divisor                               cstackBANK0  00020
___aodiv@quotient                              cstackCOMMON 00073
___aodiv@sign                                  cstackCOMMON 00072
___aomod                                       text30       010FB
___aomod@counter                               cstackCOMMON 00071
___aomod@dividend                              cstackBANK0  00028
___aomod@divisor                               cstackBANK0  00020
___aomod@sign                                  cstackCOMMON 00072
___awdiv                                       text21       01E0E
___awdiv@counter                               cstackCOMMON 00075
___awdiv@dividend                              cstackCOMMON 00072
___awdiv@divisor                               cstackCOMMON 00070
___awdiv@quotient                              cstackCOMMON 00077
___awdiv@sign                                  cstackCOMMON 00076
___awmod                                       text20       01D0A
___awmod@counter                               cstackCOMMON 00075
___awmod@dividend                              cstackCOMMON 00072
___awmod@divisor                               cstackCOMMON 00070
___awmod@sign                                  cstackCOMMON 00076
___fladd                                       text13       00838
___fladd@a                                     cstackCOMMON 00074
___fladd@aexp                                  cstackCOMMON 00079
___fladd@b                                     cstackCOMMON 00070
___fladd@bexp                                  cstackCOMMON 0007A
___fladd@grs                                   cstackCOMMON 0007B
___fladd@signs                                 cstackCOMMON 00078
___fldiv                                       text19       0164C
___fldiv@a                                     cstackBANK0  0003A
___fldiv@aexp                                  cstackBANK0  00053
___fldiv@b                                     cstackBANK0  0003E
___fldiv@bexp                                  cstackBANK0  00052
___fldiv@grs                                   cstackBANK0  0004E
___fldiv@new_exp                               cstackBANK0  0004C
___fldiv@rem                                   cstackBANK0  00047
___fldiv@sign                                  cstackBANK0  0004B
___fleq                                        text18       01001
___fleq@ff1                                    cstackCOMMON 00070
___fleq@ff2                                    cstackCOMMON 00074
___flge                                        text17       01EE1
___flge@ff1                                    cstackBANK0  0003A
___flge@ff2                                    cstackBANK0  0003E
___flmul                                       text15       00A77
___flmul@a                                     cstackBANK0  00024
___flmul@aexp                                  cstackBANK0  00032
___flmul@b                                     cstackBANK0  00020
___flmul@bexp                                  cstackBANK0  00033
___flmul@grs                                   cstackBANK0  0002E
___flmul@prod                                  cstackBANK0  00034
___flmul@sign                                  cstackBANK0  0002D
___flmul@temp                                  cstackBANK0  00038
___flneg                                       text14       01AE3
___flneg@f1                                    cstackCOMMON 00070
___flsub                                       text12       01BD6
___flsub@a                                     cstackBANK0  0003A
___flsub@b                                     cstackBANK0  0003E
___fltol                                       text11       01E6D
___fltol@exp1                                  cstackCOMMON 0007A
___fltol@f1                                    cstackCOMMON 00070
___fltol@sign1                                 cstackCOMMON 00079
___fpclassifyf                                 text10       00009
___fpclassifyf@F465                            bssBANK2     00124
___fpclassifyf@e                               cstackBANK0  00020
___fpclassifyf@u                               cstackBANK0  00022
___fpclassifyf@x                               cstackCOMMON 00070
___heap_hi                                     (abs)        00000
___heap_lo                                     (abs)        00000
___int_sp                                      stack        00000
___latbits                                     (abs)        00003
___sp                                          stack        00000
___stackhi                                     (abs)        00000
___stacklo                                     (abs)        00000
___wmul                                        text35       01BB7
___wmul@multiplicand                           cstackCOMMON 00072
___wmul@multiplier                             cstackCOMMON 00070
___wmul@product                                cstackCOMMON 00074
___xxtofl                                      text36       0104F
___xxtofl@arg                                  cstackCOMMON 0007A
___xxtofl@exp                                  cstackCOMMON 00079
___xxtofl@sign                                 cstackCOMMON 00078
___xxtofl@val                                  cstackCOMMON 00070
__end_of_ADC_GetConversion                     text46       01BB7
__end_of_ADC_Initialize                        text45       01AD9
__end_of_EUSART_Initialize                     text41       01C7D
__end_of_EUSART_SetErrorHandler                text44       01AB9
__end_of_EUSART_SetFramingErrorHandler         text43       01ABF
__end_of_EUSART_SetOverrunErrorHandler         text42       01AC5
__end_of_EUSART_Write                          text28       01AE3
__end_of_OSCILLATOR_Initialize                 text40       01AFA
__end_of_PIN_MANAGER_Initialize                text39       01C5A
__end_of_SYSTEM_Initialize                     text37       01B0A
__end_of_WDT_Initialize                        text38       00009
__end_of__Umul8_16                             text16       01CA0
__end_of___aodiv                               text31       013D1
__end_of___aomod                               text30       011E5
__end_of___awdiv                               text21       01E6D
__end_of___awmod                               text20       01D5D
__end_of___fladd                               text13       00A77
__end_of___fldiv                               text19       01800
__end_of___fleq                                text18       0104F
__end_of___flge                                text17       01F6C
__end_of___flmul                               text15       00CCE
__end_of___flneg                               text14       01AEE
__end_of___flsub                               text12       01BF6
__end_of___fltol                               text11       01EE1
__end_of___fpclassifyf                         text10       00088
__end_of___wmul                                text35       01BD6
__end_of___xxtofl                              text36       010FB
__end_of__initialization                       cinit        007FD
__end_of_abs                                   text29       01B82
__end_of_atoi                                  text32       02000
__end_of_dtoa                                  text22       0164C
__end_of_efgtoa                                text5        007ED
__end_of_floorf                                text9        012D0
__end_of_fputc                                 text26       01D0A
__end_of_fputs                                 text25       01CC9
__end_of_isdigit                               text34       01B50
__end_of_isspace                               text33       01C17
__end_of_isupper                               text7        01B68
__end_of_main                                  maintext     014DC
__end_of_pad                                   text23       01E0E
__end_of_printf                                text1        01B38
__end_of_putch                                 text27       01ACB
__end_of_strcpy                                text8        01C38
__end_of_strlen                                text24       01B9C
__end_of_strncmp                               text4        01DB5
__end_of_tolower                               text6        01B21
__end_of_vfpfcnvrt                             text3        01000
__end_of_vfprintf                              text2        00838
__initialization                               cinit        007ED
__pbssBANK2                                    bssBANK2     00120
__pbssBANK3                                    bssBANK3     001A0
__pcstackBANK0                                 cstackBANK0  00020
__pcstackBANK1                                 cstackBANK1  000A0
__pcstackBANK2                                 cstackBANK2  0014F
__pcstackCOMMON                                cstackCOMMON 00070
__pmaintext                                    maintext     013D1
__pstringtext1                                 stringtext1  02000
__pstringtext2                                 stringtext2  02022
__pstringtext3                                 stringtext3  02026
__pstringtext4                                 stringtext4  0202A
__pstringtext5                                 stringtext5  0202E
__pstringtext6                                 stringtext6  02032
__pstringtext7                                 stringtext7  00000
__ptext1                                       text1        01B21
__ptext10                                      text10       00009
__ptext11                                      text11       01E6D
__ptext12                                      text12       01BD6
__ptext13                                      text13       00838
__ptext14                                      text14       01AE3
__ptext15                                      text15       00A77
__ptext16                                      text16       01C7D
__ptext17                                      text17       01EE1
__ptext18                                      text18       01001
__ptext19                                      text19       0164C
__ptext2                                       text2        00804
__ptext20                                      text20       01D0A
__ptext21                                      text21       01E0E
__ptext22                                      text22       014DC
__ptext23                                      text23       01DB5
__ptext24                                      text24       01B82
__ptext25                                      text25       01CA0
__ptext26                                      text26       01CC9
__ptext27                                      text27       01AC5
__ptext28                                      text28       01AD9
__ptext29                                      text29       01B68
__ptext3                                       text3        00CCE
__ptext30                                      text30       010FB
__ptext31                                      text31       012D0
__ptext32                                      text32       01F6C
__ptext33                                      text33       01BF6
__ptext34                                      text34       01B38
__ptext35                                      text35       01BB7
__ptext36                                      text36       0104F
__ptext37                                      text37       01AFA
__ptext38                                      text38       00005
__ptext39                                      text39       01C38
__ptext4                                       text4        01D5D
__ptext40                                      text40       01AEE
__ptext41                                      text41       01C5A
__ptext42                                      text42       01ABF
__ptext43                                      text43       01AB9
__ptext44                                      text44       01AB3
__ptext45                                      text45       01AD1
__ptext46                                      text46       01B9C
__ptext5                                       text5        00088
__ptext6                                       text6        01B0A
__ptext7                                       text7        01B50
__ptext8                                       text8        01C17
__ptext9                                       text9        011E5
_abs                                           text29       01B68
_atoi                                          text32       01F6C
_conver                                        bssBANK2     0014D
_dbuf                                          bssBANK3     001A0
_dtoa                                          text22       014DC
_dtoa$1005                                     cstackBANK0  0003B
_efgtoa                                        text5        00088
_efgtoa$1029                                   cstackBANK1  000A0
_efgtoa$1036                                   cstackBANK1  000A2
_efgtoa$1037                                   cstackBANK1  000A4
_eusartRxLastError                             bssBANK2     0014C
_flags                                         bssBANK2     00136
_floorf                                        text9        011E5
_fputc                                         text26       01CC9
_fputs                                         text25       01CA0
_isdigit                                       text34       01B38
_isspace                                       text33       01BF6
_isspace$1118                                  cstackCOMMON 00074
_isupper                                       text7        01B50
_main                                          maintext     013D1
_nout                                          bssBANK2     00130
_pad                                           text23       01DB5
_prec                                          bssBANK2     00134
_printf                                        text1        01B21
_putch                                         text27       01AC5
_statusBTA                                     bssBANK2     00148
_statusBTB                                     bssBANK2     00146
_statusBTC                                     bssBANK2     00144
_statusLA                                      bssBANK2     00142
_statusLB                                      bssBANK2     00140
_statusLC                                      bssBANK2     0013E
_strcpy                                        text8        01C17
_strlen                                        text24       01B82
_strncmp                                       text4        01D5D
_temp                                          bssBANK2     0012C
_tolower                                       text6        01B0A
_vfpfcnvrt                                     text3        00CCE
_vfprintf                                      text2        00804
_volt                                          bssBANK2     00128
_width                                         bssBANK2     00132
abs@a                                          cstackCOMMON 00073
atoi@n                                         cstackBANK0  00022
atoi@neg                                       cstackBANK0  00020
atoi@s                                         cstackCOMMON 00076
btemp                                          (abs)        0007E
clear_ram0                                     clrtext      01ACB
dtoa@d                                         cstackBANK0  00030
dtoa@fp                                        cstackBANK0  0003F
dtoa@i                                         cstackBANK0  0004C
dtoa@n                                         cstackBANK0  00044
dtoa@p                                         cstackBANK0  0003D
dtoa@s                                         cstackBANK0  00042
dtoa@w                                         cstackBANK0  00040
efgtoa@c                                       cstackBANK0  0006C
efgtoa@d                                       cstackBANK1  000B2
efgtoa@e                                       cstackBANK1  000CB
efgtoa@f                                       cstackBANK0  00068
efgtoa@fp                                      cstackBANK1  000B8
efgtoa@g                                       cstackBANK1  000C7
efgtoa@h                                       cstackBANK1  000BD
efgtoa@i                                       cstackBANK1  000C5
efgtoa@l                                       cstackBANK1  000C1
efgtoa@m                                       cstackBANK1  000AC
efgtoa@mode                                    cstackBANK1  000BC
efgtoa@n                                       cstackBANK1  000CD
efgtoa@ne                                      cstackBANK1  000AA
efgtoa@nmode                                   cstackBANK1  000BB
efgtoa@ou                                      cstackBANK1  000AE
efgtoa@p                                       cstackBANK1  000B6
efgtoa@pp                                      cstackBANK1  000A8
efgtoa@sign                                    cstackBANK1  000B4
efgtoa@t                                       cstackBANK1  000A6
efgtoa@u                                       cstackBANK1  000CF
efgtoa@w                                       cstackBANK1  000B9
end_of_initialization                          cinit        007FD
floorf@F526                                    bssBANK2     00120
floorf@e                                       cstackBANK0  00062
floorf@m                                       cstackBANK0  0005E
floorf@u                                       cstackBANK0  00064
floorf@x                                       cstackBANK0  00054
fputc@c                                        cstackCOMMON 00072
fputc@fp                                       cstackCOMMON 00074
fputs@c                                        cstackBANK0  00020
fputs@fp                                       cstackCOMMON 0007A
fputs@i                                        cstackBANK0  00021
fputs@s                                        cstackBANK0  00023
intlevel0                                      functab      00000
intlevel1                                      functab      00000
intlevel2                                      functab      00000
intlevel3                                      functab      00000
intlevel4                                      functab      00000
intlevel5                                      functab      00000
isdigit@c                                      cstackCOMMON 00070
isspace@c                                      cstackCOMMON 00070
isupper@c                                      cstackCOMMON 00070
pad@buf                                        cstackBANK0  00024
pad@fp                                         cstackBANK0  0002C
pad@i                                          cstackBANK0  00028
pad@p                                          cstackBANK0  00025
pad@w                                          cstackBANK0  0002A
printf@ap                                      cstackBANK2  00169
printf@fmt                                     cstackBANK2  00152
putch@txData                                   cstackCOMMON 00071
reset_vec                                      reset_vec    00000
start                                          init         00002
start_initialization                           cinit        007ED
strcpy@d                                       cstackCOMMON 00076
strcpy@dest                                    cstackCOMMON 00077
strcpy@s                                       cstackCOMMON 00074
strcpy@src                                     cstackCOMMON 00070
strlen@a                                       cstackCOMMON 00073
strlen@s                                       cstackCOMMON 00074
strncmp@_l                                     cstackCOMMON 00075
strncmp@_r                                     cstackCOMMON 00070
strncmp@l                                      cstackCOMMON 00078
strncmp@n                                      cstackCOMMON 00072
strncmp@r                                      cstackCOMMON 00076
tolower@c                                      cstackCOMMON 00076
vfpfcnvrt@ap                                   cstackBANK1  000D4
vfpfcnvrt@c                                    cstackBANK1  000E9
vfpfcnvrt@ct                                   cstackBANK1  000E6
vfpfcnvrt@f                                    cstackBANK1  000E2
vfpfcnvrt@fmt                                  cstackBANK1  000D3
vfpfcnvrt@fp                                   cstackBANK1  000EA
vfpfcnvrt@ll                                   cstackBANK1  000DA
vfprintf@ap                                    cstackBANK1  000ED
vfprintf@cfmt                                  cstackBANK2  00150
vfprintf@fmt                                   cstackBANK1  000EB
vfprintf@fp                                    cstackBANK2  0014F
wtemp0                                         (abs)        0007E


MODULE INFORMATION

Module		Function		Class		Link	Load	Size
C:\Program Files\Microchip\xc8\v2.36\pic\sources\c99\common\nf_fputs.c
		_fputs         		CODE           	1CA0	0000	41

C:\Program Files\Microchip\xc8\v2.36\pic\sources\c99\common\nf_fputs.c estimated size: 41

C:\Program Files\Microchip\xc8\v2.36\pic\sources\c99\common\printf.c
		_printf        		CODE           	1B21	0000	23

C:\Program Files\Microchip\xc8\v2.36\pic\sources\c99\common\printf.c estimated size: 23

C:\Program Files\Microchip\xc8\v2.36\pic\sources\c99\common\aomod.c
		___aomod       		CODE           	10FB	0000	234

C:\Program Files\Microchip\xc8\v2.36\pic\sources\c99\common\aomod.c estimated size: 234

C:\Program Files\Microchip\xc8\v2.36\pic\sources\c99\common\strncmp.c
		_strncmp       		CODE           	1D5D	0000	88

C:\Program Files\Microchip\xc8\v2.36\pic\sources\c99\common\strncmp.c estimated size: 88

C:\Program Files\Microchip\xc8\v2.36\pic\sources\c99\common\tolower.c
		_tolower       		CODE           	1B0A	0000	23

C:\Program Files\Microchip\xc8\v2.36\pic\sources\c99\common\tolower.c estimated size: 23

C:\Program Files\Microchip\xc8\v2.36\pic\sources\c99\common\__fpclassifyf.c
		___fpclassifyf 		CODE           	0009	0000	127

C:\Program Files\Microchip\xc8\v2.36\pic\sources\c99\common\__fpclassifyf.c estimated size: 127

C:\Program Files\Microchip\xc8\v2.36\pic\sources\c99\common\sprcmul.c
		___flmul       		CODE           	0A77	0000	599

C:\Program Files\Microchip\xc8\v2.36\pic\sources\c99\common\sprcmul.c estimated size: 599

C:\Program Files\Microchip\xc8\v2.36\pic\sources\c99\common\floorf.c
		_floorf        		CODE           	11E5	0000	235

C:\Program Files\Microchip\xc8\v2.36\pic\sources\c99\common\floorf.c estimated size: 235

C:\Program Files\Microchip\xc8\v2.36\pic\sources\c99\common\sprcdiv.c
		___fldiv       		CODE           	164C	0000	436

C:\Program Files\Microchip\xc8\v2.36\pic\sources\c99\common\sprcdiv.c estimated size: 436

C:\Program Files\Microchip\xc8\v2.36\pic\sources\c99\common\atoi.c
		_atoi          		CODE           	1F6C	0000	148

C:\Program Files\Microchip\xc8\v2.36\pic\sources\c99\common\atoi.c estimated size: 148

C:\Program Files\Microchip\xc8\v2.36\pic\sources\c99\common\fleq.c
		___fleq        		CODE           	1001	0000	78

C:\Program Files\Microchip\xc8\v2.36\pic\sources\c99\common\fleq.c estimated size: 78

C:\Program Files\Microchip\xc8\v2.36\pic\sources\c99\common\awmod.c
		___awmod       		CODE           	1D0A	0000	83

C:\Program Files\Microchip\xc8\v2.36\pic\sources\c99\common\awmod.c estimated size: 83

C:\Program Files\Microchip\xc8\v2.36\pic\sources\c99\common\isspace.c
		_isspace       		CODE           	1BF6	0000	33

C:\Program Files\Microchip\xc8\v2.36\pic\sources\c99\common\isspace.c estimated size: 33

C:\Program Files\Microchip\xc8\v2.36\pic\sources\c99\common\xxtofl.c
		___xxtofl      		CODE           	104F	0000	172

C:\Program Files\Microchip\xc8\v2.36\pic\sources\c99\common\xxtofl.c estimated size: 172

mcc_generated_files/pin_manager.c
		_PIN_MANAGER_Initialize		CODE           	1C38	0000	34

mcc_generated_files/pin_manager.c estimated size: 34

C:\Program Files\Microchip\xc8\v2.36\pic\sources\c99\common\Umul8_16.c
		__Umul8_16     		CODE           	1C7D	0000	35

C:\Program Files\Microchip\xc8\v2.36\pic\sources\c99\common\Umul8_16.c estimated size: 35

C:\Program Files\Microchip\xc8\v2.36\pic\sources\c99\common\strlen.c
		_strlen        		CODE           	1B82	0000	26

C:\Program Files\Microchip\xc8\v2.36\pic\sources\c99\common\strlen.c estimated size: 26

mcc_generated_files/adc.c
		_ADC_Initialize		CODE           	1AD1	0000	8
		_ADC_GetConversion		CODE           	1B9C	0000	27

mcc_generated_files/adc.c estimated size: 35

C:\Program Files\Microchip\xc8\v2.36\pic\sources\c99\common\strcpy.c
		_strcpy        		CODE           	1C17	0000	33

C:\Program Files\Microchip\xc8\v2.36\pic\sources\c99\common\strcpy.c estimated size: 33

C:\Program Files\Microchip\xc8\v2.36\pic\sources\c99\common\aodiv.c
		___aodiv       		CODE           	12D0	0000	257

C:\Program Files\Microchip\xc8\v2.36\pic\sources\c99\common\aodiv.c estimated size: 257

C:\Program Files\Microchip\xc8\v2.36\pic\sources\c99\common\nf_fputc.c
		_fputc         		CODE           	1CC9	0000	65

C:\Program Files\Microchip\xc8\v2.36\pic\sources\c99\common\nf_fputc.c estimated size: 65

C:\Program Files\Microchip\xc8\v2.36\pic\sources\c99\common\isdigit.c
		_isdigit       		CODE           	1B38	0000	24

C:\Program Files\Microchip\xc8\v2.36\pic\sources\c99\common\isdigit.c estimated size: 24

C:\Program Files\Microchip\xc8\v2.36\pic\sources\c99\common\sprcadd.c
		___flsub       		CODE           	1BD6	0000	32
		___fladd       		CODE           	0838	0000	575

C:\Program Files\Microchip\xc8\v2.36\pic\sources\c99\common\sprcadd.c estimated size: 607

C:\Program Files\Microchip\xc8\v2.36\pic\sources\c99\common\awdiv.c
		___awdiv       		CODE           	1E0E	0000	95

C:\Program Files\Microchip\xc8\v2.36\pic\sources\c99\common\awdiv.c estimated size: 95

C:\Program Files\Microchip\xc8\v2.36\pic\sources\c99\common\doprnt.c
		_vfpfcnvrt     		CODE           	0CCE	0000	818
		_efgtoa        		CODE           	0088	0000	1893
		_pad           		CODE           	1DB5	0000	89
		_dtoa          		CODE           	14DC	0000	368
		_vfprintf      		CODE           	0804	0000	52

C:\Program Files\Microchip\xc8\v2.36\pic\sources\c99\common\doprnt.c estimated size: 3220

C:\Program Files\Microchip\xc8\v2.36\pic\sources\c99\common\fltol.c
		___fltol       		CODE           	1E6D	0000	116

C:\Program Files\Microchip\xc8\v2.36\pic\sources\c99\common\fltol.c estimated size: 116

shared
		__initialization		CODE           	07ED	0000	16

shared estimated size: 16

mcc_generated_files/mcc.c
		_WDT_Initialize		CODE           	0005	0000	4
		_OSCILLATOR_Initialize		CODE           	1AEE	0000	12
		_SYSTEM_Initialize		CODE           	1AFA	0000	16

mcc_generated_files/mcc.c estimated size: 32

C:\Program Files\Microchip\xc8\v2.36\pic\sources\c99\common\abs.c
		_abs           		CODE           	1B68	0000	26

C:\Program Files\Microchip\xc8\v2.36\pic\sources\c99\common\abs.c estimated size: 26

C:\Program Files\Microchip\xc8\v2.36\pic\sources\c99\common\flge.c
		___flge        		CODE           	1EE1	0000	139

C:\Program Files\Microchip\xc8\v2.36\pic\sources\c99\common\flge.c estimated size: 139

mcc_generated_files/eusart.c
		_putch         		CODE           	1AC5	0000	6
		_EUSART_Write  		CODE           	1AD9	0000	10
		_EUSART_Initialize		CODE           	1C5A	0000	35
		_EUSART_SetFramingErrorHandler		CODE           	1AB9	0000	6
		_EUSART_SetErrorHandler		CODE           	1AB3	0000	6
		_EUSART_SetOverrunErrorHandler		CODE           	1ABF	0000	6

mcc_generated_files/eusart.c estimated size: 69

main.c
		_main          		CODE           	13D1	0000	267

main.c estimated size: 267

C:\Program Files\Microchip\xc8\v2.36\pic\sources\c99\common\Umul16.c
		___wmul        		CODE           	1BB7	0000	31

C:\Program Files\Microchip\xc8\v2.36\pic\sources\c99\common\Umul16.c estimated size: 31

C:\Program Files\Microchip\xc8\v2.36\pic\sources\c99\common\flneg.c
		___flneg       		CODE           	1AE3	0000	11

C:\Program Files\Microchip\xc8\v2.36\pic\sources\c99\common\flneg.c estimated size: 11

C:\Program Files\Microchip\xc8\v2.36\pic\sources\c99\common\isupper.c
		_isupper       		CODE           	1B50	0000	24

C:\Program Files\Microchip\xc8\v2.36\pic\sources\c99\common\isupper.c estimated size: 24

