Microchip MPLAB XC8 Compiler V2.36

Linker command line:

-W-3 --edf=C:\Program Files\Microchip\xc8\v2.36\pic\dat\en_msgs.txt -cn \
  -h+dist/default/production\CLASE_I2C02_1.X.production.sym \
  --cmf=dist/default/production\CLASE_I2C02_1.X.production.cmf -z -Q16F1939 \
  -oC:\Users\iProf\AppData\Local\Temp\xcAsm9k.4 --defsym=__MPLAB_BUILD=1 \
  -Mdist/default/production/CLASE_I2C02_1.X.production.map \
  --md=C:\Users\iProf\AppData\Local\Temp\xcAsm9k.dat -E1 -ver=XC8 Compiler \
  --acfsm=1493 -ACODE=00h-07FFhx8 -ASTRCODE=00h-03FFFh -ASTRING=00h-0FFhx64 \
  -ACONST=00h-0FFhx64 -AENTRY=00h-0FFhx64 -ACOMMON=070h-07Fh \
  -ABANK0=020h-06Fh -ABANK1=0A0h-0EFh -ABANK2=0120h-016Fh \
  -ABANK3=01A0h-01EFh -ABANK4=0220h-026Fh -ABANK5=02A0h-02EFh \
  -ABANK6=0320h-036Fh -ABANK7=03A0h-03EFh -ABANK8=0420h-046Fh \
  -ABANK9=04A0h-04EFh -ABANK10=0520h-056Fh -ABANK11=05A0h-05EFh \
  -ABANK12=0620h-064Fh -ABIGRAM=02000h-023EFh \
  -ARAM=020h-06Fh,0A0h-0EFh,0120h-016Fh,01A0h-01EFh,0220h-026Fh,02A0h-02EFh,0320h-036Fh,03A0h-03EFh,0420h-046Fh,04A0h-04EFh,0520h-056Fh,05A0h-05EFh,0620h-064Fh \
  -AABS1=020h-07Fh,0A0h-0EFh,0120h-016Fh,01A0h-01EFh,0220h-026Fh,02A0h-02EFh,0320h-036Fh,03A0h-03EFh,0420h-046Fh,04A0h-04EFh,0520h-056Fh,05A0h-05EFh,0620h-064Fh \
  -ASFR0=00h-01Fh -ASFR1=080h-09Fh -ASFR2=0100h-011Fh -ASFR3=0180h-019Fh \
  -ASFR4=0200h-021Fh -ASFR5=0280h-029Fh -ASFR6=0300h-031Fh \
  -ASFR7=0380h-039Fh -ASFR8=0400h-041Fh -ASFR9=0480h-049Fh \
  -ASFR10=0500h-051Fh -ASFR11=0580h-059Fh -ASFR12=0600h-061Fh \
  -ASFR13=0680h-06EFh -ASFR14=0700h-076Fh -ASFR15=0780h-07EFh \
  -ASFR16=0800h-086Fh -ASFR17=0880h-08EFh -ASFR18=0900h-096Fh \
  -ASFR19=0980h-09EFh -ASFR20=0A00h-0A6Fh -ASFR21=0A80h-0AEFh \
  -ASFR22=0B00h-0B6Fh -ASFR23=0B80h-0BEFh -ASFR24=0C00h-0C6Fh \
  -ASFR25=0C80h-0CEFh -ASFR26=0D00h-0D6Fh -ASFR27=0D80h-0DEFh \
  -ASFR28=0E00h-0E6Fh -ASFR29=0E80h-0EEFh -ASFR30=0F00h-0F6Fh \
  -ASFR31=0F80h-0FEFh -ACONFIG=08007h-08008h -DCONFIG=2 \
  -AIDLOC=08000h-08003h -DIDLOC=2 -AEEDATA=00h-0FFh/0F000h \
  -peeprom_data=EEDATA -DEEDATA=2 -DCODE=2 -DSTRCODE=2 -DSTRING=2 -DCONST=2 \
  -DENTRY=2 -preset_vec=00h,intentry,init,end_init -ppowerup=CODE \
  -pcinit=CODE -pfunctab=ENTRY -k \
  C:\Users\iProf\AppData\Local\Temp\xcAsm9k.o \
  dist/default/production\CLASE_I2C02_1.X.production.o 

Object code version is 3.11

Machine type is 16F1939



                Name                               Link     Load   Length Selector   Space Scale
C:\Users\iProf\AppData\Local\Temp\xcAsm9k.o
                end_init                              2        2        2        0       0
                reset_vec                             0        0        2        0       0
                config                             8007     8007        2        0       4
                idloc                              8000     8000        4        0       5
dist/default/production\CLASE_I2C02_1.X.production.o
                cinit                               7E5      7E5       1B      FCA       0
                config                             8007     8007        2        0       4
                idloc                              8000     8000        4        0       5
                text58                              45A      45A        9      8B4       0
                text57                              475      475        C      8EA       0
                text56                              594      594       22      B28       0
                text55                              3F2      3F2        4      7E4       0
                text54                              481      481        D      902       0
                text53                              3D7      3D7        3      7AE       0
                text52                              3DA      3DA        3      7B4       0
                text51                              3DD      3DD        3      7BA       0
                text50                              53B      53B       1C      A76       0
                text49                              3E0      3E0        3      7C0       0
                text48                              3E3      3E3        3      7C6       0
                text47                              3E6      3E6        3      7CC       0
                text46                              4CF      4CF       10      99E       0
                text45                              5B6      5B6       26      B6C       0
                text44                              48E      48E        D      91C       0
                text43                              4DF      4DF       11      9BE       0
                text42                              3D3      3D3        2      7A6       0
                text41                              3D5      3D5        2      7AA       0
                text40                              4F0      4F0       11      9E0       0
                text39                              501      501       11      A02       0
                text38                              512      512       11      A24       0
                text37                              523      523       18      A46       0
                text36                              3E9      3E9        3      7D2       0
                text35                              3F6      3F6        4      7EC       0
                text34                              3EC      3EC        3      7D8       0
                text33                              3FA      3FA        4      7F4       0
                text32                              402      402        5      804       0
                text31                              439      439        6      872       0
                text30                              3EF      3EF        3      7DE       0
                text29                              633      633       2F      C66       0
                text28                              407      407        5      80E       0
                text27                              463      463        9      8C6       0
                text26                              452      452        8      8A4       0
                text25                              790      790       55      F20       0
                text24                              6FD      6FD       46      DFA       0
                text23                              44B      44B        7      896       0
                text22                              40C      40C        5      818       0
                text21                              411      411        5      822       0
                text20                              416      416        5      82C       0
                text19                              41B      41B        5      836       0
                text18                              420      420        5      840       0
                text17                              425      425        5      84A       0
                text16                              42A      42A        5      854       0
                text15                              42F      42F        5      85E       0
                text14                              607      607       2C      C0E       0
                text13                              5DC      5DC       2B      BB8       0
                text12                              43F      43F        6      87E       0
                text11                              49B      49B        D      936       0
                text10                              557      557       1E      AAE       0
                text9                               434      434        5      868       0
                text8                               4A8      4A8        D      950       0
                text7                               6C3      6C3       3A      D86       0
                text6                               4B5      4B5        D      96A       0
                text5                               662      662       30      CC4       0
                text4                               4C2      4C2        D      984       0
                text3                               692      692       31      D24       0
                text2                               575      575       1F      AEA       0
                text1                               743      743       4D      E86       0
                maintext                            46C      46C        9      8D8       0
                cstackBANK0                          3F       3F        C       20       1
                cstackCOMMON                         70       70        E       70       1
                clrtext                             445      445        6      88A       0
                dataBANK0                            4B       4B        4       20       1
                bssBANK0                             20       20       1F       20       1
                stringtext1                         800      800       20     1000       0
                idataBANK0                          3FE      3FE        4      7FC       0

TOTAL           Name                               Link     Load   Length     Space
        CLASS   CODE           
                end_init                              2        2        2         0
                cinit                               7E5      7E5       1B         0
                reset_vec                             0        0        2         0
                text58                              45A      45A        9         0
                text57                              475      475        C         0
                text56                              594      594       22         0
                text55                              3F2      3F2        4         0
                text54                              481      481        D         0
                text53                              3D7      3D7        3         0
                text52                              3DA      3DA        3         0
                text51                              3DD      3DD        3         0
                text50                              53B      53B       1C         0
                text49                              3E0      3E0        3         0
                text48                              3E3      3E3        3         0
                text47                              3E6      3E6        3         0
                text46                              4CF      4CF       10         0
                text45                              5B6      5B6       26         0
                text44                              48E      48E        D         0
                text43                              4DF      4DF       11         0
                text42                              3D3      3D3        2         0
                text41                              3D5      3D5        2         0
                text40                              4F0      4F0       11         0
                text39                              501      501       11         0
                text38                              512      512       11         0
                text37                              523      523       18         0
                text36                              3E9      3E9        3         0
                text35                              3F6      3F6        4         0
                text34                              3EC      3EC        3         0
                text33                              3FA      3FA        4         0
                text32                              402      402        5         0
                text31                              439      439        6         0
                text30                              3EF      3EF        3         0
                text29                              633      633       2F         0
                text28                              407      407        5         0
                text27                              463      463        9         0
                text26                              452      452        8         0
                text25                              790      790       55         0
                text24                              6FD      6FD       46         0
                text23                              44B      44B        7         0
                text22                              40C      40C        5         0
                text21                              411      411        5         0
                text20                              416      416        5         0
                text19                              41B      41B        5         0
                text18                              420      420        5         0
                text17                              425      425        5         0
                text16                              42A      42A        5         0
                text15                              42F      42F        5         0
                text14                              607      607       2C         0
                text13                              5DC      5DC       2B         0
                text12                              43F      43F        6         0
                text11                              49B      49B        D         0
                text10                              557      557       1E         0
                text9                               434      434        5         0
                text8                               4A8      4A8        D         0
                text7                               6C3      6C3       3A         0
                text6                               4B5      4B5        D         0
                text5                               662      662       30         0
                text4                               4C2      4C2        D         0
                text3                               692      692       31         0
                text2                               575      575       1F         0
                text1                               743      743       4D         0
                maintext                            46C      46C        9         0
                clrtext                             445      445        6         0
                idataBANK0                          3FE      3FE        4         0

        CLASS   STRCODE        
                stringtext1                         800      800       20         0

        CLASS   STRING         

        CLASS   CONST          

        CLASS   ENTRY          

        CLASS   COMMON         
                cstackCOMMON                         70       70        E         1

        CLASS   BANK0          
                cstackBANK0                          3F       3F        C         1
                dataBANK0                            4B       4B        4         1
                bssBANK0                             20       20       1F         1

        CLASS   BANK1          

        CLASS   BANK2          

        CLASS   BANK3          

        CLASS   BANK4          

        CLASS   BANK5          

        CLASS   BANK6          

        CLASS   BANK7          

        CLASS   BANK8          

        CLASS   BANK9          

        CLASS   BANK10         

        CLASS   BANK11         

        CLASS   BANK12         

        CLASS   BIGRAM         

        CLASS   RAM            

        CLASS   ABS1           
                abs_s1                               7E       7E        2         1

        CLASS   SFR0           

        CLASS   SFR1           

        CLASS   SFR2           

        CLASS   SFR3           

        CLASS   SFR4           

        CLASS   SFR5           

        CLASS   SFR6           

        CLASS   SFR7           

        CLASS   SFR8           

        CLASS   SFR9           

        CLASS   SFR10          

        CLASS   SFR11          

        CLASS   SFR12          

        CLASS   SFR13          

        CLASS   SFR14          

        CLASS   SFR15          

        CLASS   SFR16          

        CLASS   SFR17          

        CLASS   SFR18          

        CLASS   SFR19          

        CLASS   SFR20          

        CLASS   SFR21          

        CLASS   SFR22          

        CLASS   SFR23          

        CLASS   SFR24          

        CLASS   SFR25          

        CLASS   SFR26          

        CLASS   SFR27          

        CLASS   SFR28          

        CLASS   SFR29          

        CLASS   SFR30          

        CLASS   SFR31          

        CLASS   CONFIG         
                config                             8007     8007        2         4

        CLASS   IDLOC          
                idloc                              8000     8000        4         5

        CLASS   EEDATA         

        CLASS   BANK31         

        CLASS   BANK30         

        CLASS   BANK29         

        CLASS   BANK28         

        CLASS   BANK27         

        CLASS   BANK26         

        CLASS   BANK25         

        CLASS   BANK24         

        CLASS   BANK23         

        CLASS   BANK22         

        CLASS   BANK21         

        CLASS   BANK20         

        CLASS   BANK19         

        CLASS   BANK18         

        CLASS   BANK17         

        CLASS   BANK16         

        CLASS   BANK15         

        CLASS   BANK14         

        CLASS   BANK13         

        CLASS   HEAP           

        CLASS   STACK          



SEGMENTS        Name                           Load    Length   Top    Selector   Space  Class     Delta

                reset_vec                      000000  000004  000004         0       0  CODE        2
                bssBANK0                       000020  00002F  00004F        20       1  BANK0       1
                cstackCOMMON                   000070  00000E  00007E        70       1  COMMON      1
                text42                         0003D3  000002  0003D5       7A6       0  CODE        2
                text41                         0003D5  000002  0003D7       7AA       0  CODE        2
                text53                         0003D7  000003  0003DA       7AE       0  CODE        2
                text52                         0003DA  000003  0003DD       7B4       0  CODE        2
                text51                         0003DD  000003  0003E0       7BA       0  CODE        2
                text49                         0003E0  000003  0003E3       7C0       0  CODE        2
                text48                         0003E3  000003  0003E6       7C6       0  CODE        2
                text47                         0003E6  000003  0003E9       7CC       0  CODE        2
                text36                         0003E9  000003  0003EC       7D2       0  CODE        2
                text34                         0003EC  000003  0003EF       7D8       0  CODE        2
                text30                         0003EF  000003  0003F2       7DE       0  CODE        2
                text55                         0003F2  000004  0003F6       7E4       0  CODE        2
                text35                         0003F6  000004  0003FA       7EC       0  CODE        2
                text33                         0003FA  000004  0003FE       7F4       0  CODE        2
                idataBANK0                     0003FE  000004  000402       7FC       0  CODE        2
                text32                         000402  000005  000407       804       0  CODE        2
                text28                         000407  000005  00040C       80E       0  CODE        2
                text22                         00040C  000005  000411       818       0  CODE        2
                text21                         000411  000005  000416       822       0  CODE        2
                text20                         000416  000005  00041B       82C       0  CODE        2
                text19                         00041B  000005  000420       836       0  CODE        2
                text18                         000420  000005  000425       840       0  CODE        2
                text17                         000425  000005  00042A       84A       0  CODE        2
                text16                         00042A  000005  00042F       854       0  CODE        2
                text15                         00042F  000005  000434       85E       0  CODE        2
                text9                          000434  000005  000439       868       0  CODE        2
                text31                         000439  000006  00043F       872       0  CODE        2
                text12                         00043F  000006  000445       87E       0  CODE        2
                clrtext                        000445  000006  00044B       88A       0  CODE        2
                text23                         00044B  000007  000452       896       0  CODE        2
                text26                         000452  000008  00045A       8A4       0  CODE        2
                text58                         00045A  000009  000463       8B4       0  CODE        2
                text27                         000463  000009  00046C       8C6       0  CODE        2
                maintext                       00046C  000009  000475       8D8       0  CODE        2
                text57                         000475  00000C  000481       8EA       0  CODE        2
                text54                         000481  00000D  00048E       902       0  CODE        2
                text44                         00048E  00000D  00049B       91C       0  CODE        2
                text11                         00049B  00000D  0004A8       936       0  CODE        2
                text8                          0004A8  00000D  0004B5       950       0  CODE        2
                text6                          0004B5  00000D  0004C2       96A       0  CODE        2
                text4                          0004C2  00000D  0004CF       984       0  CODE        2
                text46                         0004CF  000010  0004DF       99E       0  CODE        2
                text43                         0004DF  000011  0004F0       9BE       0  CODE        2
                text40                         0004F0  000011  000501       9E0       0  CODE        2
                text39                         000501  000011  000512       A02       0  CODE        2
                text38                         000512  000011  000523       A24       0  CODE        2
                text37                         000523  000018  00053B       A46       0  CODE        2
                text50                         00053B  00001C  000557       A76       0  CODE        2
                text10                         000557  00001E  000575       AAE       0  CODE        2
                text2                          000575  00001F  000594       AEA       0  CODE        2
                text56                         000594  000022  0005B6       B28       0  CODE        2
                text45                         0005B6  000026  0005DC       B6C       0  CODE        2
                text13                         0005DC  00002B  000607       BB8       0  CODE        2
                text14                         000607  00002C  000633       C0E       0  CODE        2
                text29                         000633  00002F  000662       C66       0  CODE        2
                text5                          000662  000030  000692       CC4       0  CODE        2
                text3                          000692  000031  0006C3       D24       0  CODE        2
                text7                          0006C3  00003A  0006FD       D86       0  CODE        2
                text24                         0006FD  000046  000743       DFA       0  CODE        2
                text1                          000743  00004D  000790       E86       0  CODE        2
                text25                         000790  000055  0007E5       F20       0  CODE        2
                cinit                          0007E5  00001B  000800       FCA       0  CODE        2
                stringtext1                    000800  000020  000820      1000       0  STRCODE     2


UNUSED ADDRESS RANGES

        Name                Unused          Largest block    Delta
        BANK0            0004F-0006F              21           1
        BANK1            000A0-000EF              50           1
        BANK10           00520-0056F              50           1
        BANK11           005A0-005EF              50           1
        BANK12           00620-0064F              30           1
        BANK2            00120-0016F              50           1
        BANK3            001A0-001EF              50           1
        BANK4            00220-0026F              50           1
        BANK5            002A0-002EF              50           1
        BANK6            00320-0036F              50           1
        BANK7            003A0-003EF              50           1
        BANK8            00420-0046F              50           1
        BANK9            004A0-004EF              50           1
        BIGRAM           02000-023EF             3F0           1
        CODE             00004-003D2             3CF           2
                         00820-03FFF             800
        CONST            00004-003D2             100           2
                         00820-03FFF             100
        EEDATA           0F000-0F0FF             100           2
        ENTRY            00004-003D2             100           2
                         00820-03FFF             100
        RAM              0004F-0006F              21           1
                         000A0-000EF              50
                         00120-0016F              50
                         001A0-001EF              50
                         00220-0026F              50
                         002A0-002EF              50
                         00320-0036F              50
                         003A0-003EF              50
                         00420-0046F              50
                         004A0-004EF              50
                         00520-0056F              50
                         005A0-005EF              50
                         00620-0064F              30
        SFR0             00000-0001F              20           1
        SFR1             00080-0009F              20           1
        SFR10            00500-0051F              20           1
        SFR11            00580-0059F              20           1
        SFR12            00600-0061F              20           1
        SFR13            00680-006EF              70           1
        SFR14            00700-0076F              70           1
        SFR15            00780-007EF              70           1
        SFR16            00800-0086F              70           1
        SFR17            00880-008EF              70           1
        SFR18            00900-0096F              70           1
        SFR19            00980-009EF              70           1
        SFR2             00100-0011F              20           1
        SFR20            00A00-00A6F              70           1
        SFR21            00A80-00AEF              70           1
        SFR22            00B00-00B6F              70           1
        SFR23            00B80-00BEF              70           1
        SFR24            00C00-00C6F              70           1
        SFR25            00C80-00CEF              70           1
        SFR26            00D00-00D6F              70           1
        SFR27            00D80-00DEF              70           1
        SFR28            00E00-00E6F              70           1
        SFR29            00E80-00EEF              70           1
        SFR3             00180-0019F              20           1
        SFR30            00F00-00F6F              70           1
        SFR31            00F80-00FEF              70           1
        SFR4             00200-0021F              20           1
        SFR5             00280-0029F              20           1
        SFR6             00300-0031F              20           1
        SFR7             00380-0039F              20           1
        SFR8             00400-0041F              20           1
        SFR9             00480-0049F              20           1
        STRCODE          00004-003D2             3CF           2
                         00820-03FFF            37E0
        STRING           00004-003D2             100           2
                         00820-03FFF             100

                                  Symbol Table

I2C_Close@returnValue                cstackCOMMON 00071
I2C_MasterOperation@read             cstackCOMMON 00078
I2C_MasterOperation@returnValue      cstackCOMMON 00079
I2C_MasterSendTxData@data            cstackCOMMON 00070
I2C_Open@address                     cstackCOMMON 00071
I2C_Open@returnValue                 cstackCOMMON 00072
I2C_SetAddressNackCallback@cb        cstackCOMMON 00075
I2C_SetAddressNackCallback@ptr       cstackCOMMON 00077
I2C_SetBuffer@buffer                 cstackCOMMON 00073
I2C_SetBuffer@bufferSize             cstackCOMMON 00070
I2C_SetCallback@cb                   cstackCOMMON 00070
I2C_SetCallback@idx                  cstackCOMMON 00074
I2C_SetCallback@ptr                  cstackCOMMON 00072
I2C_SetDataCompleteCallback@cb       cstackCOMMON 00075
I2C_SetDataCompleteCallback@ptr      cstackCOMMON 00077
I2C_Write1ByteRegister@address       cstackCOMMON 0007D
I2C_Write1ByteRegister@data          cstackCOMMON 0007B
I2C_Write1ByteRegister@reg           cstackCOMMON 0007A
PCF_Wr@dato                          cstackBANK0  00040
_ANSELA                              (abs)        0018C
_ANSELB                              (abs)        0018D
_ANSELD                              (abs)        0018F
_ANSELE                              (abs)        00190
_APFCON                              (abs)        0011D
_BORCON                              (abs)        00116
_I2C_CallbackReturnReset             text41       003D5
_I2C_CallbackReturnStop              text42       003D3
_I2C_Close                           text50       0053B
_I2C_DO_ADDRESS_NACK                 text14       00607
_I2C_DO_IDLE                         text28       00407
_I2C_DO_RCEN                         text23       0044B
_I2C_DO_RESET                        text15       0042F
_I2C_DO_RX                           text24       006FD
_I2C_DO_RX_ACK                       text18       00420
_I2C_DO_RX_NACK_RESTART              text16       0042A
_I2C_DO_RX_NACK_STOP                 text17       00425
_I2C_DO_SEND_ADR_READ                text27       00463
_I2C_DO_SEND_ADR_WRITE               text26       00452
_I2C_DO_SEND_RESTART                 text20       00416
_I2C_DO_SEND_RESTART_READ            text22       0040C
_I2C_DO_SEND_RESTART_WRITE           text21       00411
_I2C_DO_SEND_STOP                    text19       0041B
_I2C_DO_TX                           text25       00790
_I2C_DO_TX_EMPTY                     text29       00633
_I2C_Initialize                      text58       0045A
_I2C_MasterClearIrq                  text53       003D7
_I2C_MasterClose                     text52       003DA
_I2C_MasterDisableIrq                text51       003DD
_I2C_MasterEnableRestart             text48       003E3
_I2C_MasterFsm                       text13       005DC
_I2C_MasterGetRxData                 text34       003EC
_I2C_MasterIsNack                    text31       00439
_I2C_MasterOpen                      text8        004A8
_I2C_MasterOperation                 text10       00557
_I2C_MasterSendAck                   text33       003FA
_I2C_MasterSendNack                  text35       003F6
_I2C_MasterSendTxData                text32       00402
_I2C_MasterSetIrq                    text30       003EF
_I2C_MasterStart                     text49       003E0
_I2C_MasterStartRx                   text36       003E9
_I2C_MasterStop                      text47       003E6
_I2C_MasterWaitForEvent              text12       0043F
_I2C_MasterWrite                     text9        00434
_I2C_Open                            text7        006C3
_I2C_Poller                          text11       0049B
_I2C_SetAddressNackCallback          text6        004B5
_I2C_SetBuffer                       text46       004CF
_I2C_SetCallback                     text45       005B6
_I2C_SetDataCompleteCallback         text44       0048E
_I2C_Status                          bssBANK0     00020
_I2C_Write1ByteRegister              text5        00662
_LATA                                (abs)        0010C
_LATB                                (abs)        0010D
_LATC                                (abs)        0010E
_LATD                                (abs)        0010F
_LATE                                (abs)        00110
_OPTION_REGbits                      (abs)        00095
_OSCCON                              (abs)        00099
_OSCILLATOR_Initialize               text57       00475
_OSCTUNE                             (abs)        00098
_PCF_Wr                              text4        004C2
_PIE1bits                            (abs)        00091
_PIN_MANAGER_Initialize              text56       00594
_PIR1bits                            (abs)        00011
_PIR2bits                            (abs)        00012
_PLLR                                (abs)        004D6
_SSPADD                              (abs)        00212
_SSPBUF                              (abs)        00211
_SSPCON1                             (abs)        00215
_SSPCON1bits                         (abs)        00215
_SSPCON2                             (abs)        00216
_SSPCON2bits                         (abs)        00216
_SSPSTAT                             (abs)        00214
_SSPSTATbits                         (abs)        00214
_SYSTEM_Initialize                   text54       00481
_TRISA                               (abs)        0008C
_TRISB                               (abs)        0008D
_TRISC                               (abs)        0008E
_TRISD                               (abs)        0008F
_TRISE                               (abs)        00090
_WDTCON                              (abs)        00097
_WDT_Initialize                      text55       003F2
_WPUB                                (abs)        0020D
_WPUE                                (abs)        00210
__Habs1                              abs1         00000
__Hbank0                             bank0        00000
__Hbank1                             bank1        00000
__Hbank10                            bank10       00000
__Hbank11                            bank11       00000
__Hbank12                            bank12       00000
__Hbank13                            bank13       00000
__Hbank14                            bank14       00000
__Hbank15                            bank15       00000
__Hbank16                            bank16       00000
__Hbank17                            bank17       00000
__Hbank18                            bank18       00000
__Hbank19                            bank19       00000
__Hbank2                             bank2        00000
__Hbank20                            bank20       00000
__Hbank21                            bank21       00000
__Hbank22                            bank22       00000
__Hbank23                            bank23       00000
__Hbank24                            bank24       00000
__Hbank25                            bank25       00000
__Hbank26                            bank26       00000
__Hbank27                            bank27       00000
__Hbank28                            bank28       00000
__Hbank29                            bank29       00000
__Hbank3                             bank3        00000
__Hbank30                            bank30       00000
__Hbank31                            bank31       00000
__Hbank4                             bank4        00000
__Hbank5                             bank5        00000
__Hbank6                             bank6        00000
__Hbank7                             bank7        00000
__Hbank8                             bank8        00000
__Hbank9                             bank9        00000
__Hbigram                            bigram       00000
__HbssBANK0                          bssBANK0     00000
__Hcinit                             cinit        00800
__Hclrtext                           clrtext      00000
__Hcode                              code         00000
__Hcommon                            common       00000
__Hconfig                            config       08009
__HcstackBANK0                       cstackBANK0  00000
__HcstackCOMMON                      cstackCOMMON 00000
__HdataBANK0                         dataBANK0    00000
__Heeprom_data                       eeprom_data  00000
__Hend_init                          end_init     00004
__Hfunctab                           functab      00000
__Hheap                              heap         00000
__HidataBANK0                        idataBANK0   00000
__Hidloc                             idloc        08004
__Hinit                              init         00002
__Hintentry                          intentry     00002
__Hmaintext                          maintext     00000
__Hpowerup                           powerup      00000
__Hram                               ram          00000
__Hreset_vec                         reset_vec    00002
__Hsfr0                              sfr0         00000
__Hsfr1                              sfr1         00000
__Hsfr10                             sfr10        00000
__Hsfr11                             sfr11        00000
__Hsfr12                             sfr12        00000
__Hsfr13                             sfr13        00000
__Hsfr14                             sfr14        00000
__Hsfr15                             sfr15        00000
__Hsfr16                             sfr16        00000
__Hsfr17                             sfr17        00000
__Hsfr18                             sfr18        00000
__Hsfr19                             sfr19        00000
__Hsfr2                              sfr2         00000
__Hsfr20                             sfr20        00000
__Hsfr21                             sfr21        00000
__Hsfr22                             sfr22        00000
__Hsfr23                             sfr23        00000
__Hsfr24                             sfr24        00000
__Hsfr25                             sfr25        00000
__Hsfr26                             sfr26        00000
__Hsfr27                             sfr27        00000
__Hsfr28                             sfr28        00000
__Hsfr29                             sfr29        00000
__Hsfr3                              sfr3         00000
__Hsfr30                             sfr30        00000
__Hsfr31                             sfr31        00000
__Hsfr4                              sfr4         00000
__Hsfr5                              sfr5         00000
__Hsfr6                              sfr6         00000
__Hsfr7                              sfr7         00000
__Hsfr8                              sfr8         00000
__Hsfr9                              sfr9         00000
__Hspace_0                           (abs)        00820
__Hspace_1                           (abs)        0007E
__Hspace_2                           (abs)        00000
__Hspace_3                           (abs)        00000
__Hspace_4                           (abs)        10010
__Hstack                             stack        00000
__Hstrings                           strings      00000
__Hstringtext1                       stringtext1  00000
__Htext                              text         00000
__Labs1                              abs1         00000
__Lbank0                             bank0        00000
__Lbank1                             bank1        00000
__Lbank10                            bank10       00000
__Lbank11                            bank11       00000
__Lbank12                            bank12       00000
__Lbank13                            bank13       00000
__Lbank14                            bank14       00000
__Lbank15                            bank15       00000
__Lbank16                            bank16       00000
__Lbank17                            bank17       00000
__Lbank18                            bank18       00000
__Lbank19                            bank19       00000
__Lbank2                             bank2        00000
__Lbank20                            bank20       00000
__Lbank21                            bank21       00000
__Lbank22                            bank22       00000
__Lbank23                            bank23       00000
__Lbank24                            bank24       00000
__Lbank25                            bank25       00000
__Lbank26                            bank26       00000
__Lbank27                            bank27       00000
__Lbank28                            bank28       00000
__Lbank29                            bank29       00000
__Lbank3                             bank3        00000
__Lbank30                            bank30       00000
__Lbank31                            bank31       00000
__Lbank4                             bank4        00000
__Lbank5                             bank5        00000
__Lbank6                             bank6        00000
__Lbank7                             bank7        00000
__Lbank8                             bank8        00000
__Lbank9                             bank9        00000
__Lbigram                            bigram       00000
__LbssBANK0                          bssBANK0     00000
__Lcinit                             cinit        007E5
__Lclrtext                           clrtext      00000
__Lcode                              code         00000
__Lcommon                            common       00000
__Lconfig                            config       00000
__LcstackBANK0                       cstackBANK0  00000
__LcstackCOMMON                      cstackCOMMON 00000
__LdataBANK0                         dataBANK0    00000
__Leeprom_data                       eeprom_data  00000
__Lend_init                          end_init     00002
__Lfunctab                           functab      00000
__Lheap                              heap         00000
__LidataBANK0                        idataBANK0   00000
__Lidloc                             idloc        00000
__Linit                              init         00002
__Lintentry                          intentry     00002
__Lmaintext                          maintext     00000
__Lpowerup                           powerup      00000
__Lram                               ram          00000
__Lreset_vec                         reset_vec    00000
__Lsfr0                              sfr0         00000
__Lsfr1                              sfr1         00000
__Lsfr10                             sfr10        00000
__Lsfr11                             sfr11        00000
__Lsfr12                             sfr12        00000
__Lsfr13                             sfr13        00000
__Lsfr14                             sfr14        00000
__Lsfr15                             sfr15        00000
__Lsfr16                             sfr16        00000
__Lsfr17                             sfr17        00000
__Lsfr18                             sfr18        00000
__Lsfr19                             sfr19        00000
__Lsfr2                              sfr2         00000
__Lsfr20                             sfr20        00000
__Lsfr21                             sfr21        00000
__Lsfr22                             sfr22        00000
__Lsfr23                             sfr23        00000
__Lsfr24                             sfr24        00000
__Lsfr25                             sfr25        00000
__Lsfr26                             sfr26        00000
__Lsfr27                             sfr27        00000
__Lsfr28                             sfr28        00000
__Lsfr29                             sfr29        00000
__Lsfr3                              sfr3         00000
__Lsfr30                             sfr30        00000
__Lsfr31                             sfr31        00000
__Lsfr4                              sfr4         00000
__Lsfr5                              sfr5         00000
__Lsfr6                              sfr6         00000
__Lsfr7                              sfr7         00000
__Lsfr8                              sfr8         00000
__Lsfr9                              sfr9         00000
__Lspace_0                           (abs)        00000
__Lspace_1                           (abs)        00000
__Lspace_2                           (abs)        00000
__Lspace_3                           (abs)        00000
__Lspace_4                           (abs)        00000
__Lstack                             stack        00000
__Lstrings                           strings      00000
__Lstringtext1                       stringtext1  00000
__Ltext                              text         00000
__S0                                 (abs)        00820
__S1                                 (abs)        0007E
__S3                                 (abs)        00000
___heap_hi                           (abs)        00000
___heap_lo                           (abs)        00000
___int_sp                            stack        00000
___latbits                           (abs)        00003
___sp                                stack        00000
___stackhi                           (abs)        00000
___stacklo                           (abs)        00000
__end_of_I2C_CallbackReturnReset     text41       003D7
__end_of_I2C_CallbackReturnStop      text42       003D5
__end_of_I2C_Close                   text50       00557
__end_of_I2C_DO_ADDRESS_NACK         text14       00633
__end_of_I2C_DO_IDLE                 text28       0040C
__end_of_I2C_DO_RCEN                 text23       00452
__end_of_I2C_DO_RESET                text15       00434
__end_of_I2C_DO_RX                   text24       00743
__end_of_I2C_DO_RX_ACK               text18       00425
__end_of_I2C_DO_RX_NACK_RESTART      text16       0042F
__end_of_I2C_DO_RX_NACK_STOP         text17       0042A
__end_of_I2C_DO_SEND_ADR_READ        text27       0046C
__end_of_I2C_DO_SEND_ADR_WRITE       text26       0045A
__end_of_I2C_DO_SEND_RESTART         text20       0041B
__end_of_I2C_DO_SEND_RESTART_READ    text22       00411
__end_of_I2C_DO_SEND_RESTART_WRITE   text21       00416
__end_of_I2C_DO_SEND_STOP            text19       00420
__end_of_I2C_DO_TX                   text25       007E5
__end_of_I2C_DO_TX_EMPTY             text29       00662
__end_of_I2C_Initialize              text58       00463
__end_of_I2C_MasterClearIrq          text53       003DA
__end_of_I2C_MasterClose             text52       003DD
__end_of_I2C_MasterDisableIrq        text51       003E0
__end_of_I2C_MasterEnableRestart     text48       003E6
__end_of_I2C_MasterFsm               text13       00607
__end_of_I2C_MasterGetRxData         text34       003EF
__end_of_I2C_MasterIsNack            text31       0043F
__end_of_I2C_MasterOpen              text8        004B5
__end_of_I2C_MasterOperation         text10       00575
__end_of_I2C_MasterSendAck           text33       003FE
__end_of_I2C_MasterSendNack          text35       003FA
__end_of_I2C_MasterSendTxData        text32       00407
__end_of_I2C_MasterSetIrq            text30       003F2
__end_of_I2C_MasterStart             text49       003E3
__end_of_I2C_MasterStartRx           text36       003EC
__end_of_I2C_MasterStop              text47       003E9
__end_of_I2C_MasterWaitForEvent      text12       00445
__end_of_I2C_MasterWrite             text9        00439
__end_of_I2C_Open                    text7        006FD
__end_of_I2C_Poller                  text11       004A8
__end_of_I2C_SetAddressNackCallback  text6        004C2
__end_of_I2C_SetBuffer               text46       004DF
__end_of_I2C_SetCallback             text45       005DC
__end_of_I2C_SetDataCompleteCallback text44       0049B
__end_of_I2C_Write1ByteRegister      text5        00692
__end_of_OSCILLATOR_Initialize       text57       00481
__end_of_PCF_Wr                      text4        004CF
__end_of_PIN_MANAGER_Initialize      text56       005B6
__end_of_SYSTEM_Initialize           text54       0048E
__end_of_WDT_Initialize              text55       003F6
__end_of__initialization             cinit        007FD
__end_of_i2c_fsmStateTable           stringtext1  00820
__end_of_i2c_lcd_init                text1        00790
__end_of_loadPCF                     text3        006C3
__end_of_main                        maintext     00475
__end_of_rd1RegCompleteHandler       text40       00501
__end_of_rd2RegCompleteHandler       text39       00512
__end_of_rdBlkRegCompleteHandler     text37       0053B
__end_of_sendCMD                     text2        00594
__end_of_wr1RegCompleteHandler       text38       00523
__end_of_wr2RegCompleteHandler       text43       004F0
__initialization                     cinit        007E5
__pbssBANK0                          bssBANK0     00020
__pcstackBANK0                       cstackBANK0  0003F
__pcstackCOMMON                      cstackCOMMON 00070
__pdataBANK0                         dataBANK0    0004B
__pidataBANK0                        idataBANK0   003FE
__pmaintext                          maintext     0046C
__pstringtext1                       stringtext1  00800
__ptext1                             text1        00743
__ptext10                            text10       00557
__ptext11                            text11       0049B
__ptext12                            text12       0043F
__ptext13                            text13       005DC
__ptext14                            text14       00607
__ptext15                            text15       0042F
__ptext16                            text16       0042A
__ptext17                            text17       00425
__ptext18                            text18       00420
__ptext19                            text19       0041B
__ptext2                             text2        00575
__ptext20                            text20       00416
__ptext21                            text21       00411
__ptext22                            text22       0040C
__ptext23                            text23       0044B
__ptext24                            text24       006FD
__ptext25                            text25       00790
__ptext26                            text26       00452
__ptext27                            text27       00463
__ptext28                            text28       00407
__ptext29                            text29       00633
__ptext3                             text3        00692
__ptext30                            text30       003EF
__ptext31                            text31       00439
__ptext32                            text32       00402
__ptext33                            text33       003FA
__ptext34                            text34       003EC
__ptext35                            text35       003F6
__ptext36                            text36       003E9
__ptext37                            text37       00523
__ptext38                            text38       00512
__ptext39                            text39       00501
__ptext4                             text4        004C2
__ptext40                            text40       004F0
__ptext41                            text41       003D5
__ptext42                            text42       003D3
__ptext43                            text43       004DF
__ptext44                            text44       0048E
__ptext45                            text45       005B6
__ptext46                            text46       004CF
__ptext47                            text47       003E6
__ptext48                            text48       003E3
__ptext49                            text49       003E0
__ptext5                             text5        00662
__ptext50                            text50       0053B
__ptext51                            text51       003DD
__ptext52                            text52       003DA
__ptext53                            text53       003D7
__ptext54                            text54       00481
__ptext55                            text55       003F2
__ptext56                            text56       00594
__ptext57                            text57       00475
__ptext58                            text58       0045A
__ptext6                             text6        004B5
__ptext7                             text7        006C3
__ptext8                             text8        004A8
__ptext9                             text9        00434
_i2c_fsmStateTable                   stringtext1  00800
_i2c_lcd_init                        text1        00743
_loadPCF                             text3        00692
_main                                maintext     0046C
_paramsLCD                           bssBANK0     0003D
_rd1RegCompleteHandler               text40       004F0
_rd2RegCompleteHandler               text39       00501
_rdBlkRegCompleteHandler             text37       00523
_sendCMD                             text2        00575
_statusLED                           bssBANK0     0003E
_wr1RegCompleteHandler               text38       00512
_wr2RegCompleteHandler               text43       004DF
btemp                                (abs)        0007E
clear_ram0                           clrtext      00445
end_of_initialization                cinit        007FD
i2c_lcd_set_cursor@local_mem         dataBANK0    0004B
intlevel0                            functab      00000
intlevel1                            functab      00000
intlevel2                            functab      00000
intlevel3                            functab      00000
intlevel4                            functab      00000
intlevel5                            functab      00000
loadPCF@dato                         cstackBANK0  00044
loadPCF@mode                         cstackBANK0  00041
rd1RegCompleteHandler@ptr            cstackCOMMON 00079
rd2RegCompleteHandler@ptr            cstackCOMMON 00079
rdBlkRegCompleteHandler@ptr          cstackCOMMON 00079
reset_vec                            reset_vec    00000
sendCMD@NibbleH                      cstackBANK0  00047
sendCMD@NibbleL                      cstackBANK0  00048
sendCMD@cmd                          cstackBANK0  00049
start                                init         00002
start_initialization                 cinit        007E5
wr1RegCompleteHandler@ptr            cstackCOMMON 00079
wr2RegCompleteHandler@ptr            cstackCOMMON 00079
wtemp0                               (abs)        0007E


MODULE INFORMATION

Module		Function		Class		Link	Load	Size
mcc_generated_files/pin_manager.c
		_PIN_MANAGER_Initialize		CODE           	0594	0000	34

mcc_generated_files/pin_manager.c estimated size: 34

shared
		__initialization		CODE           	07E5	0000	24
		_i2c_fsmStateTable		STRCODE        	0800	0000	32

shared estimated size: 56

mcc_generated_files/mcc.c
		_WDT_Initialize		CODE           	03F2	0000	4
		_OSCILLATOR_Initialize		CODE           	0475	0000	12
		_SYSTEM_Initialize		CODE           	0481	0000	13

mcc_generated_files/mcc.c estimated size: 29

LCD_I2C.c
		_i2c_lcd_init  		CODE           	0743	0000	77
		_loadPCF       		CODE           	0692	0000	49
		_sendCMD       		CODE           	0575	0000	31
		_PCF_Wr        		CODE           	04C2	0000	13

LCD_I2C.c estimated size: 170

mcc_generated_files/i2c_master.c
		_I2C_Close     		CODE           	053B	0000	28
		_I2C_MasterStartRx		CODE           	03E9	0000	3
		_I2C_DO_SEND_ADR_WRITE		CODE           	0452	0000	8
		_I2C_MasterWaitForEvent		CODE           	043F	0000	6
		_I2C_DO_SEND_STOP		CODE           	041B	0000	5
		_I2C_MasterSendNack		CODE           	03F6	0000	4
		_I2C_MasterDisableIrq		CODE           	03DD	0000	3
		_wr1RegCompleteHandler		CODE           	0512	0000	17
		_I2C_CallbackReturnStop		CODE           	03D3	0000	2
		_I2C_MasterOperation		CODE           	0557	0000	30
		_I2C_DO_SEND_ADR_READ		CODE           	0463	0000	9
		_I2C_DO_RX_NACK_STOP		CODE           	0425	0000	5
		_I2C_DO_SEND_RESTART		CODE           	0416	0000	5
		_wr2RegCompleteHandler		CODE           	04DF	0000	17
		_I2C_DO_RX     		CODE           	06FD	0000	70
		_I2C_DO_TX     		CODE           	0790	0000	85
		_I2C_DO_IDLE   		CODE           	0407	0000	5
		_I2C_DO_RCEN   		CODE           	044B	0000	7
		_I2C_Poller    		CODE           	049B	0000	13
		_I2C_DO_RESET  		CODE           	042F	0000	5
		_I2C_MasterClose		CODE           	03DA	0000	3
		_I2C_MasterWrite		CODE           	0434	0000	5
		_I2C_DO_RX_ACK 		CODE           	0420	0000	5
		_I2C_MasterStart		CODE           	03E0	0000	3
		_I2C_Write1ByteRegister		CODE           	0662	0000	48
		_I2C_MasterClearIrq		CODE           	03D7	0000	3
		_I2C_MasterGetRxData		CODE           	03EC	0000	3
		_I2C_SetCallback		CODE           	05B6	0000	38
		_I2C_DO_ADDRESS_NACK		CODE           	0607	0000	44
		_I2C_MasterEnableRestart		CODE           	03E3	0000	3
		_I2C_CallbackReturnReset		CODE           	03D5	0000	2
		_I2C_Open      		CODE           	06C3	0000	58
		_I2C_SetAddressNackCallback		CODE           	04B5	0000	13
		_I2C_DO_TX_EMPTY		CODE           	0633	0000	47
		_I2C_DO_SEND_RESTART_WRITE		CODE           	0411	0000	5
		_rdBlkRegCompleteHandler		CODE           	0523	0000	24
		_rd1RegCompleteHandler		CODE           	04F0	0000	17
		_I2C_MasterIsNack		CODE           	0439	0000	6
		_rd2RegCompleteHandler		CODE           	0501	0000	17
		_I2C_SetDataCompleteCallback		CODE           	048E	0000	13
		_I2C_DO_RX_NACK_RESTART		CODE           	042A	0000	5
		_I2C_MasterSendAck		CODE           	03FA	0000	4
		_I2C_MasterFsm 		CODE           	05DC	0000	43
		_I2C_MasterSetIrq		CODE           	03EF	0000	3
		_I2C_DO_SEND_RESTART_READ		CODE           	040C	0000	5
		_I2C_Initialize		CODE           	045A	0000	9
		_I2C_SetBuffer 		CODE           	04CF	0000	16
		_I2C_MasterOpen		CODE           	04A8	0000	13
		_I2C_MasterSendTxData		CODE           	0402	0000	5
		_I2C_MasterStop		CODE           	03E6	0000	3

mcc_generated_files/i2c_master.c estimated size: 790

main.c
		_main          		CODE           	046C	0000	9

main.c estimated size: 9

