Microchip MPLAB XC8 Compiler V2.36

Linker command line:

-W-3 --edf=C:\Program Files\Microchip\xc8\v2.36\pic\dat\en_msgs.txt -cn \
  -h+dist/default/production\UART_DP1.X.production.sym \
  --cmf=dist/default/production\UART_DP1.X.production.cmf -z -Q16F1939 \
  -oC:\Users\iProf\AppData\Local\Temp\xcAs1m8.4 --defsym=__MPLAB_BUILD=1 \
  -Mdist/default/production/UART_DP1.X.production.map \
  --md=C:\Users\iProf\AppData\Local\Temp\xcAs1m8.dat -E1 -ver=XC8 Compiler \
  --acfsm=1493 -ACODE=00h-07FFhx8 -ASTRCODE=00h-03FFFh -ASTRING=00h-0FFhx64 \
  -ACONST=00h-0FFhx64 -AENTRY=00h-0FFhx64 -ACOMMON=070h-07Fh \
  -ABANK0=020h-06Fh -ABANK1=0A0h-0EFh -ABANK2=0120h-016Fh \
  -ABANK3=01A0h-01EFh -ABANK4=0220h-026Fh -ABANK5=02A0h-02EFh \
  -ABANK6=0320h-036Fh -ABANK7=03A0h-03EFh -ABANK8=0420h-046Fh \
  -ABANK9=04A0h-04EFh -ABANK10=0520h-056Fh -ABANK11=05A0h-05EFh \
  -ABANK12=0620h-064Fh -ABIGRAM=02000h-023EFh \
  -ARAM=020h-06Fh,0A0h-0EFh,0120h-016Fh,01A0h-01EFh,0220h-026Fh,02A0h-02EFh,0320h-036Fh,03A0h-03EFh,0420h-046Fh,04A0h-04EFh,0520h-056Fh,05A0h-05EFh,0620h-064Fh \
  -AABS1=020h-07Fh,0A0h-0EFh,0120h-016Fh,01A0h-01EFh,0220h-026Fh,02A0h-02EFh,0320h-036Fh,03A0h-03EFh,0420h-046Fh,04A0h-04EFh,0520h-056Fh,05A0h-05EFh,0620h-064Fh \
  -ASFR0=00h-01Fh -ASFR1=080h-09Fh -ASFR2=0100h-011Fh -ASFR3=0180h-019Fh \
  -ASFR4=0200h-021Fh -ASFR5=0280h-029Fh -ASFR6=0300h-031Fh \
  -ASFR7=0380h-039Fh -ASFR8=0400h-041Fh -ASFR9=0480h-049Fh \
  -ASFR10=0500h-051Fh -ASFR11=0580h-059Fh -ASFR12=0600h-061Fh \
  -ASFR13=0680h-06EFh -ASFR14=0700h-076Fh -ASFR15=0780h-07EFh \
  -ASFR16=0800h-086Fh -ASFR17=0880h-08EFh -ASFR18=0900h-096Fh \
  -ASFR19=0980h-09EFh -ASFR20=0A00h-0A6Fh -ASFR21=0A80h-0AEFh \
  -ASFR22=0B00h-0B6Fh -ASFR23=0B80h-0BEFh -ASFR24=0C00h-0C6Fh \
  -ASFR25=0C80h-0CEFh -ASFR26=0D00h-0D6Fh -ASFR27=0D80h-0DEFh \
  -ASFR28=0E00h-0E6Fh -ASFR29=0E80h-0EEFh -ASFR30=0F00h-0F6Fh \
  -ASFR31=0F80h-0FEFh -ACONFIG=08007h-08008h -DCONFIG=2 \
  -AIDLOC=08000h-08003h -DIDLOC=2 -AEEDATA=00h-0FFh/0F000h \
  -peeprom_data=EEDATA -DEEDATA=2 -DCODE=2 -DSTRCODE=2 -DSTRING=2 -DCONST=2 \
  -DENTRY=2 -preset_vec=00h,intentry,init,end_init -ppowerup=CODE \
  -pcinit=CODE -pfunctab=ENTRY -k \
  C:\Users\iProf\AppData\Local\Temp\xcAs1m8.o \
  dist/default/production\UART_DP1.X.production.o 

Object code version is 3.11

Machine type is 16F1939



                Name                               Link     Load   Length Selector   Space Scale
C:\Users\iProf\AppData\Local\Temp\xcAs1m8.o
                end_init                              2        2        2        0       0
                reset_vec                             0        0        2        0       0
                config                             8007     8007        2        0       4
                idloc                              8000     8000        4        0       5
dist/default/production\UART_DP1.X.production.o
                cinit                               7F5      7F5        B      FEA       0
                config                             8007     8007        2        0       4
                idloc                              8000     8000        4        0       5
                text15                              5C3      5C3        A      B86       0
                text14                              61A      61A       23      C34       0
                text13                              5A5      5A5        6      B4A       0
                text12                              5AB      5AB        6      B56       0
                text11                              5B1      5B1        6      B62       0
                text10                              63D      63D       23      C7A       0
                text9                               5CD      5CD        C      B9A       0
                text8                               5F8      5F8       22      BF0       0
                text7                               5A1      5A1        4      B42       0
                text6                               5D9      5D9        D      BB2       0
                text5                               5B7      5B7        6      B6E       0
                text4                               688      688       41      D10       0
                text3                               6C9      6C9       7A      D92       0
                text2                               660      660       28      CC0       0
                text1                               5E6      5E6       12      BCC       0
                maintext                            743      743       B2      E86       0
                cstackBANK0                          5B       5B       12       20       1
                cstackCOMMON                         70       70        E       70       1
                clrtext                             5BD      5BD        6      B7A       0
                bssBANK0                             20       20       3B       20       1
                stringtext6                         835      835        A     1000       0
                stringtext5                         82B      82B        A     1000       0
                stringtext4                         821      821        A     1000       0
                stringtext3                         816      816        B     1000       0
                stringtext2                         80B      80B        B     1000       0
                stringtext1                         800      800        B     1000       0

TOTAL           Name                               Link     Load   Length     Space
        CLASS   CODE           
                end_init                              2        2        2         0
                cinit                               7F5      7F5        B         0
                reset_vec                             0        0        2         0
                text15                              5C3      5C3        A         0
                text14                              61A      61A       23         0
                text13                              5A5      5A5        6         0
                text12                              5AB      5AB        6         0
                text11                              5B1      5B1        6         0
                text10                              63D      63D       23         0
                text9                               5CD      5CD        C         0
                text8                               5F8      5F8       22         0
                text7                               5A1      5A1        4         0
                text6                               5D9      5D9        D         0
                text5                               5B7      5B7        6         0
                text4                               688      688       41         0
                text3                               6C9      6C9       7A         0
                text2                               660      660       28         0
                text1                               5E6      5E6       12         0
                maintext                            743      743       B2         0
                clrtext                             5BD      5BD        6         0

        CLASS   STRCODE        
                stringtext6                         835      835        A         0
                stringtext5                         82B      82B        A         0
                stringtext4                         821      821        A         0
                stringtext3                         816      816        B         0
                stringtext2                         80B      80B        B         0
                stringtext1                         800      800        B         0

        CLASS   STRING         

        CLASS   CONST          

        CLASS   ENTRY          

        CLASS   COMMON         
                cstackCOMMON                         70       70        E         1

        CLASS   BANK0          
                cstackBANK0                          5B       5B       12         1
                bssBANK0                             20       20       3B         1

        CLASS   BANK1          

        CLASS   BANK2          

        CLASS   BANK3          

        CLASS   BANK4          

        CLASS   BANK5          

        CLASS   BANK6          

        CLASS   BANK7          

        CLASS   BANK8          

        CLASS   BANK9          

        CLASS   BANK10         

        CLASS   BANK11         

        CLASS   BANK12         

        CLASS   BIGRAM         

        CLASS   RAM            

        CLASS   ABS1           
                abs_s1                               7E       7E        2         1

        CLASS   SFR0           

        CLASS   SFR1           

        CLASS   SFR2           

        CLASS   SFR3           

        CLASS   SFR4           

        CLASS   SFR5           

        CLASS   SFR6           

        CLASS   SFR7           

        CLASS   SFR8           

        CLASS   SFR9           

        CLASS   SFR10          

        CLASS   SFR11          

        CLASS   SFR12          

        CLASS   SFR13          

        CLASS   SFR14          

        CLASS   SFR15          

        CLASS   SFR16          

        CLASS   SFR17          

        CLASS   SFR18          

        CLASS   SFR19          

        CLASS   SFR20          

        CLASS   SFR21          

        CLASS   SFR22          

        CLASS   SFR23          

        CLASS   SFR24          

        CLASS   SFR25          

        CLASS   SFR26          

        CLASS   SFR27          

        CLASS   SFR28          

        CLASS   SFR29          

        CLASS   SFR30          

        CLASS   SFR31          

        CLASS   CONFIG         
                config                             8007     8007        2         4

        CLASS   IDLOC          
                idloc                              8000     8000        4         5

        CLASS   EEDATA         

        CLASS   BANK31         

        CLASS   BANK30         

        CLASS   BANK29         

        CLASS   BANK28         

        CLASS   BANK27         

        CLASS   BANK26         

        CLASS   BANK25         

        CLASS   BANK24         

        CLASS   BANK23         

        CLASS   BANK22         

        CLASS   BANK21         

        CLASS   BANK20         

        CLASS   BANK19         

        CLASS   BANK18         

        CLASS   BANK17         

        CLASS   BANK16         

        CLASS   BANK15         

        CLASS   BANK14         

        CLASS   BANK13         

        CLASS   HEAP           

        CLASS   STACK          



SEGMENTS        Name                           Load    Length   Top    Selector   Space  Class     Delta

                reset_vec                      000000  000004  000004         0       0  CODE        2
                bssBANK0                       000020  00004D  00006D        20       1  BANK0       1
                cstackCOMMON                   000070  00000E  00007E        70       1  COMMON      1
                text7                          0005A1  000004  0005A5       B42       0  CODE        2
                text13                         0005A5  000006  0005AB       B4A       0  CODE        2
                text12                         0005AB  000006  0005B1       B56       0  CODE        2
                text11                         0005B1  000006  0005B7       B62       0  CODE        2
                text5                          0005B7  000006  0005BD       B6E       0  CODE        2
                clrtext                        0005BD  000006  0005C3       B7A       0  CODE        2
                text15                         0005C3  00000A  0005CD       B86       0  CODE        2
                text9                          0005CD  00000C  0005D9       B9A       0  CODE        2
                text6                          0005D9  00000D  0005E6       BB2       0  CODE        2
                text1                          0005E6  000012  0005F8       BCC       0  CODE        2
                text8                          0005F8  000022  00061A       BF0       0  CODE        2
                text14                         00061A  000023  00063D       C34       0  CODE        2
                text10                         00063D  000023  000660       C7A       0  CODE        2
                text2                          000660  000028  000688       CC0       0  CODE        2
                text4                          000688  000041  0006C9       D10       0  CODE        2
                text3                          0006C9  00007A  000743       D92       0  CODE        2
                maintext                       000743  0000B2  0007F5       E86       0  CODE        2
                cinit                          0007F5  00000B  000800       FEA       0  CODE        2
                stringtext1                    000800  00003F  00083F      1000       0  STRCODE     2


UNUSED ADDRESS RANGES

        Name                Unused          Largest block    Delta
        BANK0            0006D-0006F               3           1
        BANK1            000A0-000EF              50           1
        BANK10           00520-0056F              50           1
        BANK11           005A0-005EF              50           1
        BANK12           00620-0064F              30           1
        BANK2            00120-0016F              50           1
        BANK3            001A0-001EF              50           1
        BANK4            00220-0026F              50           1
        BANK5            002A0-002EF              50           1
        BANK6            00320-0036F              50           1
        BANK7            003A0-003EF              50           1
        BANK8            00420-0046F              50           1
        BANK9            004A0-004EF              50           1
        BIGRAM           02000-023EF             3F0           1
        CODE             00004-005A0             59D           2
                         0083F-03FFF             800
        CONST            00004-005A0             100           2
                         0083F-03FFF             100
        EEDATA           0F000-0F0FF             100           2
        ENTRY            00004-005A0             100           2
                         0083F-03FFF             100
        RAM              0006D-0006F               3           1
                         000A0-000EF              50
                         00120-0016F              50
                         001A0-001EF              50
                         00220-0026F              50
                         002A0-002EF              50
                         00320-0036F              50
                         003A0-003EF              50
                         00420-0046F              50
                         004A0-004EF              50
                         00520-0056F              50
                         005A0-005EF              50
                         00620-0064F              30
        SFR0             00000-0001F              20           1
        SFR1             00080-0009F              20           1
        SFR10            00500-0051F              20           1
        SFR11            00580-0059F              20           1
        SFR12            00600-0061F              20           1
        SFR13            00680-006EF              70           1
        SFR14            00700-0076F              70           1
        SFR15            00780-007EF              70           1
        SFR16            00800-0086F              70           1
        SFR17            00880-008EF              70           1
        SFR18            00900-0096F              70           1
        SFR19            00980-009EF              70           1
        SFR2             00100-0011F              20           1
        SFR20            00A00-00A6F              70           1
        SFR21            00A80-00AEF              70           1
        SFR22            00B00-00B6F              70           1
        SFR23            00B80-00BEF              70           1
        SFR24            00C00-00C6F              70           1
        SFR25            00C80-00CEF              70           1
        SFR26            00D00-00D6F              70           1
        SFR27            00D80-00DEF              70           1
        SFR28            00E00-00E6F              70           1
        SFR29            00E80-00EEF              70           1
        SFR3             00180-0019F              20           1
        SFR30            00F00-00F6F              70           1
        SFR31            00F80-00FEF              70           1
        SFR4             00200-0021F              20           1
        SFR5             00280-0029F              20           1
        SFR6             00300-0031F              20           1
        SFR7             00380-0039F              20           1
        SFR8             00400-0041F              20           1
        SFR9             00480-0049F              20           1
        STRCODE          00004-005A0             59D           2
                         0083F-03FFF            37C1
        STRING           00004-005A0             100           2
                         0083F-03FFF             100

                                  Symbol Table

?_printf                                       cstackBANK0  00068
?_vfpfcnvrt                                    cstackCOMMON 0007A
?_vfprintf                                     cstackBANK0  00060
EUSART_SetErrorHandler@interruptHandler        cstackCOMMON 00070
EUSART_SetFramingErrorHandler@interruptHandler cstackCOMMON 00070
EUSART_SetOverrunErrorHandler@interruptHandler cstackCOMMON 00070
EUSART_Text@texto                              cstackCOMMON 00071
EUSART_Write@txData                            cstackCOMMON 00070
_ANSELA                                        (abs)        0018C
_ANSELB                                        (abs)        0018D
_ANSELD                                        (abs)        0018F
_ANSELE                                        (abs)        00190
_APFCON                                        (abs)        0011D
_BAUDCON                                       (abs)        0019F
_BORCON                                        (abs)        00116
_EUSART_DefaultErrorHandler                    (abs)        00000
_EUSART_DefaultFramingErrorHandler             (abs)        00000
_EUSART_DefaultOverrunErrorHandler             (abs)        00000
_EUSART_ErrorHandler                           bssBANK0     00054
_EUSART_FramingErrorHandler                    bssBANK0     00058
_EUSART_Initialize                             text10       0063D
_EUSART_OverrunErrorHandler                    bssBANK0     00056
_EUSART_SetErrorHandler                        text13       005A5
_EUSART_SetFramingErrorHandler                 text12       005AB
_EUSART_SetOverrunErrorHandler                 text11       005B1
_EUSART_Text                                   text14       0061A
_EUSART_Write                                  text15       005C3
_LATA                                          (abs)        0010C
_LATB                                          (abs)        0010D
_LATC                                          (abs)        0010E
_LATD                                          (abs)        0010F
_LATE                                          (abs)        00110
_OPTION_REGbits                                (abs)        00095
_OSCCON                                        (abs)        00099
_OSCILLATOR_Initialize                         text9        005CD
_OSCTUNE                                       (abs)        00098
_PIN_MANAGER_Initialize                        text8        005F8
_PIR1bits                                      (abs)        00011
_PLLR                                          (abs)        004D6
_PORTBbits                                     (abs)        0000D
_RCREG                                         (abs)        00199
_RCSTA                                         (abs)        0019D
_RCSTAbits                                     (abs)        0019D
_SPBRGH                                        (abs)        0019C
_SPBRGL                                        (abs)        0019B
_SYSTEM_Initialize                             text6        005D9
_TRISA                                         (abs)        0008C
_TRISB                                         (abs)        0008D
_TRISC                                         (abs)        0008E
_TRISD                                         (abs)        0008F
_TRISE                                         (abs)        00090
_TXREG                                         (abs)        0019A
_TXSTA                                         (abs)        0019E
_TXSTAbits                                     (abs)        0019E
_WDTCON                                        (abs)        00097
_WDT_Initialize                                text7        005A1
_WPUB                                          (abs)        0020D
_WPUE                                          (abs)        00210
__Habs1                                        abs1         00000
__Hbank0                                       bank0        00000
__Hbank1                                       bank1        00000
__Hbank10                                      bank10       00000
__Hbank11                                      bank11       00000
__Hbank12                                      bank12       00000
__Hbank13                                      bank13       00000
__Hbank14                                      bank14       00000
__Hbank15                                      bank15       00000
__Hbank16                                      bank16       00000
__Hbank17                                      bank17       00000
__Hbank18                                      bank18       00000
__Hbank19                                      bank19       00000
__Hbank2                                       bank2        00000
__Hbank20                                      bank20       00000
__Hbank21                                      bank21       00000
__Hbank22                                      bank22       00000
__Hbank23                                      bank23       00000
__Hbank24                                      bank24       00000
__Hbank25                                      bank25       00000
__Hbank26                                      bank26       00000
__Hbank27                                      bank27       00000
__Hbank28                                      bank28       00000
__Hbank29                                      bank29       00000
__Hbank3                                       bank3        00000
__Hbank30                                      bank30       00000
__Hbank31                                      bank31       00000
__Hbank4                                       bank4        00000
__Hbank5                                       bank5        00000
__Hbank6                                       bank6        00000
__Hbank7                                       bank7        00000
__Hbank8                                       bank8        00000
__Hbank9                                       bank9        00000
__Hbigram                                      bigram       00000
__HbssBANK0                                    bssBANK0     00000
__Hcinit                                       cinit        00800
__Hclrtext                                     clrtext      00000
__Hcode                                        code         00000
__Hcommon                                      common       00000
__Hconfig                                      config       08009
__HcstackBANK0                                 cstackBANK0  00000
__HcstackCOMMON                                cstackCOMMON 00000
__Heeprom_data                                 eeprom_data  00000
__Hend_init                                    end_init     00004
__Hfunctab                                     functab      00000
__Hheap                                        heap         00000
__Hidloc                                       idloc        08004
__Hinit                                        init         00002
__Hintentry                                    intentry     00002
__Hmaintext                                    maintext     00000
__Hpowerup                                     powerup      00000
__Hram                                         ram          00000
__Hreset_vec                                   reset_vec    00002
__Hsfr0                                        sfr0         00000
__Hsfr1                                        sfr1         00000
__Hsfr10                                       sfr10        00000
__Hsfr11                                       sfr11        00000
__Hsfr12                                       sfr12        00000
__Hsfr13                                       sfr13        00000
__Hsfr14                                       sfr14        00000
__Hsfr15                                       sfr15        00000
__Hsfr16                                       sfr16        00000
__Hsfr17                                       sfr17        00000
__Hsfr18                                       sfr18        00000
__Hsfr19                                       sfr19        00000
__Hsfr2                                        sfr2         00000
__Hsfr20                                       sfr20        00000
__Hsfr21                                       sfr21        00000
__Hsfr22                                       sfr22        00000
__Hsfr23                                       sfr23        00000
__Hsfr24                                       sfr24        00000
__Hsfr25                                       sfr25        00000
__Hsfr26                                       sfr26        00000
__Hsfr27                                       sfr27        00000
__Hsfr28                                       sfr28        00000
__Hsfr29                                       sfr29        00000
__Hsfr3                                        sfr3         00000
__Hsfr30                                       sfr30        00000
__Hsfr31                                       sfr31        00000
__Hsfr4                                        sfr4         00000
__Hsfr5                                        sfr5         00000
__Hsfr6                                        sfr6         00000
__Hsfr7                                        sfr7         00000
__Hsfr8                                        sfr8         00000
__Hsfr9                                        sfr9         00000
__Hspace_0                                     (abs)        0083F
__Hspace_1                                     (abs)        0007E
__Hspace_2                                     (abs)        00000
__Hspace_3                                     (abs)        00000
__Hspace_4                                     (abs)        10010
__Hstack                                       stack        00000
__Hstrings                                     strings      00000
__Hstringtext1                                 stringtext1  00000
__Hstringtext2                                 stringtext2  00000
__Hstringtext3                                 stringtext3  00000
__Hstringtext4                                 stringtext4  00000
__Hstringtext5                                 stringtext5  00000
__Hstringtext6                                 stringtext6  00000
__Hstringtext7                                 stringtext7  00000
__Htext                                        text         00000
__Labs1                                        abs1         00000
__Lbank0                                       bank0        00000
__Lbank1                                       bank1        00000
__Lbank10                                      bank10       00000
__Lbank11                                      bank11       00000
__Lbank12                                      bank12       00000
__Lbank13                                      bank13       00000
__Lbank14                                      bank14       00000
__Lbank15                                      bank15       00000
__Lbank16                                      bank16       00000
__Lbank17                                      bank17       00000
__Lbank18                                      bank18       00000
__Lbank19                                      bank19       00000
__Lbank2                                       bank2        00000
__Lbank20                                      bank20       00000
__Lbank21                                      bank21       00000
__Lbank22                                      bank22       00000
__Lbank23                                      bank23       00000
__Lbank24                                      bank24       00000
__Lbank25                                      bank25       00000
__Lbank26                                      bank26       00000
__Lbank27                                      bank27       00000
__Lbank28                                      bank28       00000
__Lbank29                                      bank29       00000
__Lbank3                                       bank3        00000
__Lbank30                                      bank30       00000
__Lbank31                                      bank31       00000
__Lbank4                                       bank4        00000
__Lbank5                                       bank5        00000
__Lbank6                                       bank6        00000
__Lbank7                                       bank7        00000
__Lbank8                                       bank8        00000
__Lbank9                                       bank9        00000
__Lbigram                                      bigram       00000
__LbssBANK0                                    bssBANK0     00000
__Lcinit                                       cinit        007F5
__Lclrtext                                     clrtext      00000
__Lcode                                        code         00000
__Lcommon                                      common       00000
__Lconfig                                      config       00000
__LcstackBANK0                                 cstackBANK0  00000
__LcstackCOMMON                                cstackCOMMON 00000
__Leeprom_data                                 eeprom_data  00000
__Lend_init                                    end_init     00002
__Lfunctab                                     functab      00000
__Lheap                                        heap         00000
__Lidloc                                       idloc        00000
__Linit                                        init         00002
__Lintentry                                    intentry     00002
__Lmaintext                                    maintext     00000
__Lpowerup                                     powerup      00000
__Lram                                         ram          00000
__Lreset_vec                                   reset_vec    00000
__Lsfr0                                        sfr0         00000
__Lsfr1                                        sfr1         00000
__Lsfr10                                       sfr10        00000
__Lsfr11                                       sfr11        00000
__Lsfr12                                       sfr12        00000
__Lsfr13                                       sfr13        00000
__Lsfr14                                       sfr14        00000
__Lsfr15                                       sfr15        00000
__Lsfr16                                       sfr16        00000
__Lsfr17                                       sfr17        00000
__Lsfr18                                       sfr18        00000
__Lsfr19                                       sfr19        00000
__Lsfr2                                        sfr2         00000
__Lsfr20                                       sfr20        00000
__Lsfr21                                       sfr21        00000
__Lsfr22                                       sfr22        00000
__Lsfr23                                       sfr23        00000
__Lsfr24                                       sfr24        00000
__Lsfr25                                       sfr25        00000
__Lsfr26                                       sfr26        00000
__Lsfr27                                       sfr27        00000
__Lsfr28                                       sfr28        00000
__Lsfr29                                       sfr29        00000
__Lsfr3                                        sfr3         00000
__Lsfr30                                       sfr30        00000
__Lsfr31                                       sfr31        00000
__Lsfr4                                        sfr4         00000
__Lsfr5                                        sfr5         00000
__Lsfr6                                        sfr6         00000
__Lsfr7                                        sfr7         00000
__Lsfr8                                        sfr8         00000
__Lsfr9                                        sfr9         00000
__Lspace_0                                     (abs)        00000
__Lspace_1                                     (abs)        00000
__Lspace_2                                     (abs)        00000
__Lspace_3                                     (abs)        00000
__Lspace_4                                     (abs)        00000
__Lstack                                       stack        00000
__Lstrings                                     strings      00000
__Lstringtext1                                 stringtext1  00000
__Lstringtext2                                 stringtext2  00000
__Lstringtext3                                 stringtext3  00000
__Lstringtext4                                 stringtext4  00000
__Lstringtext5                                 stringtext5  00000
__Lstringtext6                                 stringtext6  00000
__Lstringtext7                                 stringtext7  00000
__Ltext                                        text         00000
__S0                                           (abs)        0083F
__S1                                           (abs)        0007E
__S3                                           (abs)        00000
___heap_hi                                     (abs)        00000
___heap_lo                                     (abs)        00000
___int_sp                                      stack        00000
___latbits                                     (abs)        00003
___sp                                          stack        00000
___stackhi                                     (abs)        00000
___stacklo                                     (abs)        00000
__end_of_EUSART_Initialize                     text10       00660
__end_of_EUSART_SetErrorHandler                text13       005AB
__end_of_EUSART_SetFramingErrorHandler         text12       005B1
__end_of_EUSART_SetOverrunErrorHandler         text11       005B7
__end_of_EUSART_Text                           text14       0063D
__end_of_EUSART_Write                          text15       005CD
__end_of_OSCILLATOR_Initialize                 text9        005D9
__end_of_PIN_MANAGER_Initialize                text8        0061A
__end_of_SYSTEM_Initialize                     text6        005E6
__end_of_WDT_Initialize                        text7        005A5
__end_of__initialization                       cinit        007FD
__end_of_fputc                                 text4        006C9
__end_of_main                                  maintext     007F5
__end_of_printf                                text1        005F8
__end_of_putch                                 text5        005BD
__end_of_vfpfcnvrt                             text3        00743
__end_of_vfprintf                              text2        00688
__initialization                               cinit        007F5
__pbssBANK0                                    bssBANK0     00020
__pcstackBANK0                                 cstackBANK0  0005B
__pcstackCOMMON                                cstackCOMMON 00070
__pmaintext                                    maintext     00743
__pstringtext1                                 stringtext1  00800
__pstringtext2                                 stringtext2  0080B
__pstringtext3                                 stringtext3  00816
__pstringtext4                                 stringtext4  00821
__pstringtext5                                 stringtext5  0082B
__pstringtext6                                 stringtext6  00835
__pstringtext7                                 stringtext7  00000
__ptext1                                       text1        005E6
__ptext10                                      text10       0063D
__ptext11                                      text11       005B1
__ptext12                                      text12       005AB
__ptext13                                      text13       005A5
__ptext14                                      text14       0061A
__ptext15                                      text15       005C3
__ptext2                                       text2        00660
__ptext3                                       text3        006C9
__ptext4                                       text4        00688
__ptext5                                       text5        005B7
__ptext6                                       text6        005D9
__ptext7                                       text7        005A1
__ptext8                                       text8        005F8
__ptext9                                       text9        005CD
_eusartRxLastError                             bssBANK0     0005A
_flags                                         bssBANK0     00046
_fputc                                         text4        00688
_main                                          maintext     00743
_nout                                          bssBANK0     00040
_oldValueA                                     bssBANK0     0004C
_oldValueB                                     bssBANK0     0004A
_oldValueC                                     bssBANK0     00048
_prec                                          bssBANK0     00044
_printf                                        text1        005E6
_putch                                         text5        005B7
_statusBTNA                                    bssBANK0     00052
_statusBTNB                                    bssBANK0     00050
_statusBTNC                                    bssBANK0     0004E
_vfpfcnvrt                                     text3        006C9
_vfprintf                                      text2        00660
_width                                         bssBANK0     00042
btemp                                          (abs)        0007E
clear_ram0                                     clrtext      005BD
end_of_initialization                          cinit        007FD
fputc@c                                        cstackCOMMON 00072
fputc@fp                                       cstackCOMMON 00074
intlevel0                                      functab      00000
intlevel1                                      functab      00000
intlevel2                                      functab      00000
intlevel3                                      functab      00000
intlevel4                                      functab      00000
intlevel5                                      functab      00000
printf@ap                                      cstackBANK0  0006A
printf@fmt                                     cstackBANK0  00068
putch@txData                                   cstackCOMMON 00071
reset_vec                                      reset_vec    00000
start                                          init         00002
start_initialization                           cinit        007F5
vfpfcnvrt@ap                                   cstackCOMMON 0007B
vfpfcnvrt@fmt                                  cstackCOMMON 0007A
vfpfcnvrt@fp                                   cstackCOMMON 0007C
vfprintf@ap                                    cstackBANK0  00062
vfprintf@cfmt                                  cstackBANK0  00066
vfprintf@fmt                                   cstackBANK0  00060
vfprintf@fp                                    cstackBANK0  00065
wtemp0                                         (abs)        0007E


MODULE INFORMATION

Module		Function		Class		Link	Load	Size
C:\Program Files\Microchip\xc8\v2.36\pic\sources\c99\common\printf.c
		_printf        		CODE           	05E6	0000	18

C:\Program Files\Microchip\xc8\v2.36\pic\sources\c99\common\printf.c estimated size: 18

mcc_generated_files/pin_manager.c
		_PIN_MANAGER_Initialize		CODE           	05F8	0000	34

mcc_generated_files/pin_manager.c estimated size: 34

C:\Program Files\Microchip\xc8\v2.36\pic\sources\c99\common\nf_fputc.c
		_fputc         		CODE           	0688	0000	65

C:\Program Files\Microchip\xc8\v2.36\pic\sources\c99\common\nf_fputc.c estimated size: 65

C:\Program Files\Microchip\xc8\v2.36\pic\sources\c99\common\doprnt.c
		_vfpfcnvrt     		CODE           	06C9	0000	122
		_vfprintf      		CODE           	0660	0000	40

C:\Program Files\Microchip\xc8\v2.36\pic\sources\c99\common\doprnt.c estimated size: 162

shared
		__initialization		CODE           	07F5	0000	8

shared estimated size: 8

mcc_generated_files/mcc.c
		_WDT_Initialize		CODE           	05A1	0000	4
		_OSCILLATOR_Initialize		CODE           	05CD	0000	12
		_SYSTEM_Initialize		CODE           	05D9	0000	13

mcc_generated_files/mcc.c estimated size: 29

mcc_generated_files/eusart.c
		_putch         		CODE           	05B7	0000	6
		_EUSART_Text   		CODE           	061A	0000	35
		_EUSART_Write  		CODE           	05C3	0000	10
		_EUSART_Initialize		CODE           	063D	0000	35
		_EUSART_SetFramingErrorHandler		CODE           	05AB	0000	6
		_EUSART_SetErrorHandler		CODE           	05A5	0000	6
		_EUSART_SetOverrunErrorHandler		CODE           	05B1	0000	6

mcc_generated_files/eusart.c estimated size: 104

main.c
		_main          		CODE           	0743	0000	178

main.c estimated size: 178

