Microchip MPLAB XC8 Compiler V2.36

Linker command line:

-W-3 --edf=C:\Program Files\Microchip\xc8\v2.36\pic\dat\en_msgs.txt -cn \
  -h+dist/default/production\BUS_I2C.X.production.sym \
  --cmf=dist/default/production\BUS_I2C.X.production.cmf -z -Q18F4550 \
  -oC:\Users\iProf\AppData\Local\Temp\xcAsl68.4 --defsym=__MPLAB_BUILD=1 \
  -Mdist/default/production/BUS_I2C.X.production.map \
  --md=C:\Users\iProf\AppData\Local\Temp\xcAsl68.dat -E1 -ver=XC8 Compiler \
  --acfsm=1493 -ACODE=00h-07FFFh -ACONST=00h-07FFFh \
  -ASMALLCONST=0800h-08FFhx120 -AMEDIUMCONST=0800h-07FFFh -ACOMRAM=01h-05Fh \
  -AABS1=00h-07FFh -ABIGRAM=01h-07FFh -ARAM=060h-0FFh,0100h-01FFhx7 \
  -ABANK0=060h-0FFh -ABANK1=0100h-01FFh -ABANK2=0200h-02FFh \
  -ABANK3=0300h-03FFh -ABANK4=0400h-04FFh -ABANK5=0500h-05FFh \
  -ABANK6=0600h-06FFh -ABANK7=0700h-07FFh -ASFR=0F60h-0FFFh \
  -ABIGSFR=0F60h-0FFFh -ACONFIG=0300000h-030000Dh -AIDLOC=0200000h-0200007h \
  -AEEDATA=0F00000h-0F000FFh -peeprom_data=EEDATA \
  -preset_vec=00h,intcode,intcodelo,powerup,init -pramtop=0800h \
  -psmallconst=SMALLCONST -pmediumconst=MEDIUMCONST -pconst=CONST \
  -AFARRAM=00h-00h \
  -prdata=COMRAM,nvrram=COMRAM,nvbit=COMRAM,rbss=COMRAM,rbit=COMRAM \
  -pfarbss=FARRAM,fardata=FARRAM,nvFARRAM=FARRAM \
  -pintsave_regs=BIGRAM,bigbss=BIGRAM,bigdata=BIGRAM -pbss=RAM \
  -pidata=CODE,irdata=CODE,ibigdata=CODE,ifardata=CODE -prparam=COMRAM \
  C:\Users\iProf\AppData\Local\Temp\xcAsl68.o \
  dist/default/production\BUS_I2C.X.production.o 

Object code version is 3.11

Machine type is 18F4550



                Name                               Link     Load   Length Selector   Space Scale
C:\Users\iProf\AppData\Local\Temp\xcAsl68.o
                idloc                            200000   200000        8        0       5
                config                           300000   300000        E        0       4
                init                                  0        0        4        0       0
dist/default/production\BUS_I2C.X.production.o
                idloc                            200000   200000        8        0       5
                config                           300000   300000        E        0       4
                text8                              7F28     7F28       1A     3F94       0
                text7                              7FA0     7FA0       26     3FD0       0
                text6                              7F42     7F42       1A     3FA1       0
                text5                              7F0C     7F0C        8     3F86       0
                text4                              7F14     7F14        8     3F8A       0
                text3                              7F1C     7F1C        C     3F8E       0
                text2                              7F7C     7F7C       24     3FBE       0
                text1                              7F5C     7F5C       20     3FAE       0
                text0                              7FC6     7FC6       3A     3FE3       0
                cstackCOMRAM                          1        1        6        1       1
                cinit                              7F06     7F06        6     3F83       0
                nvCOMRAM                              7        7        1        1       1

TOTAL           Name                               Link     Load   Length     Space
        CLASS   CODE           
                init                                  0        0        4         0
                text8                              7F28     7F28       1A         0
                text7                              7FA0     7FA0       26         0
                text6                              7F42     7F42       1A         0
                text5                              7F0C     7F0C        8         0
                text4                              7F14     7F14        8         0
                text3                              7F1C     7F1C        C         0
                text2                              7F7C     7F7C       24         0
                text1                              7F5C     7F5C       20         0
                text0                              7FC6     7FC6       3A         0
                cinit                              7F06     7F06        6         0

        CLASS   CONST          

        CLASS   SMALLCONST     

        CLASS   MEDIUMCONST    

        CLASS   COMRAM         
                cstackCOMRAM                          1        1        6         1
                nvCOMRAM                              7        7        1         1

        CLASS   ABS1           

        CLASS   BIGRAM         

        CLASS   RAM            

        CLASS   BANK0          

        CLASS   BANK1          

        CLASS   BANK2          

        CLASS   BANK3          

        CLASS   BANK4          

        CLASS   BANK5          

        CLASS   BANK6          

        CLASS   BANK7          

        CLASS   SFR            

        CLASS   BIGSFR         

        CLASS   CONFIG         
                config                           300000   300000        E         4

        CLASS   IDLOC          
                idloc                            200000   200000        8         5

        CLASS   EEDATA         

        CLASS   FARRAM         

        CLASS   HEAP           

        CLASS   STACK          



SEGMENTS        Name                           Load    Length   Top    Selector   Space  Class

                reset_vec                      000000  000004  000004         0       0  CODE    
                cstackCOMRAM                   000001  000007  000008         1       1  COMRAM  
                cinit                          007F06  000006  007F0C      3F83       0  CODE    
                text5                          007F0C  000008  007F14      3F86       0  CODE    
                text4                          007F14  000008  007F1C      3F8A       0  CODE    
                text3                          007F1C  00000C  007F28      3F8E       0  CODE    
                text8                          007F28  00001A  007F42      3F94       0  CODE    
                text6                          007F42  00001A  007F5C      3FA1       0  CODE    
                text1                          007F5C  000020  007F7C      3FAE       0  CODE    
                text2                          007F7C  000024  007FA0      3FBE       0  CODE    
                text7                          007FA0  000026  007FC6      3FD0       0  CODE    
                text0                          007FC6  00003A  008000      3FE3       0  CODE    


UNUSED ADDRESS RANGES

        Name                Unused          Largest block    Delta
        BANK0            000060-0000FF               A0
        BANK1            000100-0001FF              100
        BANK2            000200-0002FF              100
        BANK3            000300-0003FF              100
        BANK4            000400-0004FF              100
        BANK5            000500-0005FF              100
        BANK6            000600-0006FF              100
        BANK7            000700-0007FF              100
        BIGRAM           000008-0007FF              7F8
        BIGSFR           000F60-000FFF               A0
        CODE             000004-007F05             7F02
        COMRAM           000008-00005F               58
        CONST            000004-007F05             7F02
        EEDATA           F00000-F000FF              100
        MEDIUMCONST      000800-007F05             7706
        RAM              000060-0007FF              100
        SFR              000F60-000FFF               A0
        SMALLCONST       000800-007F05              100

                                  Symbol Table

I2C_Rd@datoR                    cstackCOMRAM 000002
I2C_Wr@data                     cstackCOMRAM 000002
PCF8574A_Rd@dato                cstackCOMRAM 000003
PCF8574A_Rd@dir                 cstackCOMRAM 000004
PCF8574_Wr@data                 cstackCOMRAM 000003
PCF8574_Wr@dir                  cstackCOMRAM 000004
_ADCON1                         (abs)        000FC1
_I2C_Condiciones_Espera         text7        007FA0
_I2C_Init                       text8        007F28
_I2C_Rd                         text6        007F42
_I2C_Start                      text5        007F0C
_I2C_Stop                       text4        007F14
_I2C_Wr                         text3        007F1C
_PCF8574A_Rd                    text2        007F7C
_PCF8574_Wr                     text1        007F5C
_SSPADD                         (abs)        000FC8
_SSPBUF                         (abs)        000FC9
_SSPCON1bits                    (abs)        000FC6
_SSPCON2                        (abs)        000FC5
_SSPCON2bits                    (abs)        000FC5
_SSPSTAT                        (abs)        000FC7
_SSPSTATbits                    (abs)        000FC7
_TRISBbits                      (abs)        000F93
__HRAM                          (abs)        000000
__Habs1                         abs1         000000
__Hbank0                        bank0        000000
__Hbank1                        bank1        000000
__Hbank2                        bank2        000000
__Hbank3                        bank3        000000
__Hbank4                        bank4        000000
__Hbank5                        bank5        000000
__Hbank6                        bank6        000000
__Hbank7                        bank7        000000
__Hbigbss                       bigbss       000000
__Hbigdata                      bigdata      000000
__Hbigram                       bigram       000000
__Hbigsfr                       bigsfr       000000
__Hbss                          bss          000000
__Hcinit                        cinit        000000
__Hclrtext                      clrtext      000000
__Hcomram                       comram       000000
__Hconfig                       config       30000E
__Hconst                        const        000000
__HcstackCOMRAM                 cstackCOMRAM 000000
__Hdata                         data         000000
__Heeprom_data                  eeprom_data  000000
__Hfarbss                       farbss       000000
__Hfardata                      fardata      000000
__Hheap                         heap         000000
__Hibigdata                     ibigdata     000000
__Hidata                        idata        000000
__Hidloc                        idloc        200008
__Hifardata                     ifardata     000000
__Hinit                         init         000004
__Hintcode                      intcode      000000
__Hintcode_body                 intcode_body 000000
__Hintcodelo                    intcodelo    000000
__Hintentry                     intentry     000000
__Hintret                       intret       000000
__Hintsave_regs                 intsave_regs 000000
__Hirdata                       irdata       000000
__Hmediumconst                  mediumconst  000000
__HnvCOMRAM                     nvCOMRAM     000000
__HnvFARRAM                     nvFARRAM     000000
__Hnvbit                        nvbit        000000
__Hnvrram                       nvrram       000000
__Hparam                        rparam       000000
__Hpowerup                      powerup      000000
__Hram                          ram          000000
__Hramtop                       ramtop       000800
__Hrbit                         rbit         000000
__Hrbss                         rbss         000000
__Hrdata                        rdata        000000
__Hreset_vec                    reset_vec    000000
__Hrparam                       rparam       000000
__Hsfr                          sfr          000000
__Hsmallconst                   smallconst   000000
__Hspace_0                      (abs)        008000
__Hspace_1                      (abs)        000008
__Hspace_2                      (abs)        000000
__Hspace_4                      (abs)        60000E
__Hstack                        stack        000000
__Hstruct                       struct       000000
__Htemp                         temp         000000
__Htext                         text         000000
__Htext0                        text0        000000
__Htext1                        text1        000000
__Htext2                        text2        000000
__Htext3                        text3        000000
__Htext4                        text4        000000
__Htext5                        text5        000000
__Htext6                        text6        000000
__Htext7                        text7        000000
__Htext8                        text8        000000
__LRAM                          (abs)        000001
__Labs1                         abs1         000000
__Lbank0                        bank0        000000
__Lbank1                        bank1        000000
__Lbank2                        bank2        000000
__Lbank3                        bank3        000000
__Lbank4                        bank4        000000
__Lbank5                        bank5        000000
__Lbank6                        bank6        000000
__Lbank7                        bank7        000000
__Lbigbss                       bigbss       000000
__Lbigdata                      bigdata      000000
__Lbigram                       bigram       000000
__Lbigsfr                       bigsfr       000000
__Lbss                          bss          000000
__Lcinit                        cinit        000000
__Lclrtext                      clrtext      000000
__Lcomram                       comram       000000
__Lconfig                       config       000000
__Lconst                        const        000000
__LcstackCOMRAM                 cstackCOMRAM 000000
__Ldata                         data         000000
__Leeprom_data                  eeprom_data  000000
__Lfarbss                       farbss       000000
__Lfardata                      fardata      000000
__Lheap                         heap         000000
__Libigdata                     ibigdata     000000
__Lidata                        idata        000000
__Lidloc                        idloc        000000
__Lifardata                     ifardata     000000
__Linit                         init         000000
__Lintcode                      intcode      000000
__Lintcode_body                 intcode_body 000000
__Lintcodelo                    intcodelo    000000
__Lintentry                     intentry     000000
__Lintret                       intret       000000
__Lintsave_regs                 intsave_regs 000000
__Lirdata                       irdata       000000
__Lmediumconst                  mediumconst  000000
__LnvCOMRAM                     nvCOMRAM     000000
__LnvFARRAM                     nvFARRAM     000000
__Lnvbit                        nvbit        000000
__Lnvrram                       nvrram       000000
__Lparam                        rparam       000000
__Lpowerup                      powerup      000000
__Lram                          ram          000000
__Lramtop                       ramtop       000800
__Lrbit                         rbit         000000
__Lrbss                         rbss         000000
__Lrdata                        rdata        000000
__Lreset_vec                    reset_vec    000000
__Lrparam                       rparam       000000
__Lsfr                          sfr          000000
__Lsmallconst                   smallconst   000000
__Lspace_0                      (abs)        000000
__Lspace_1                      (abs)        000000
__Lspace_2                      (abs)        000000
__Lspace_4                      (abs)        000000
__Lstack                        stack        000000
__Lstruct                       struct       000000
__Ltemp                         temp         000000
__Ltext                         text         000000
__Ltext0                        text0        000000
__Ltext1                        text1        000000
__Ltext2                        text2        000000
__Ltext3                        text3        000000
__Ltext4                        text4        000000
__Ltext5                        text5        000000
__Ltext6                        text6        000000
__Ltext7                        text7        000000
__Ltext8                        text8        000000
__S0                            (abs)        008000
__S1                            (abs)        000008
__S4                            (abs)        000000
__S5                            (abs)        000000
___heap_hi                      (abs)        000000
___heap_lo                      (abs)        000000
___inthi_sp                     stack        000000
___intlo_sp                     stack        000000
___param_bank                   (abs)        000000
___rparam_used                  (abs)        000001
___sp                           stack        000000
__accesstop                     (abs)        000060
__activetblptr                  (abs)        000000
__end_of_I2C_Condiciones_Espera text7        007FC6
__end_of_I2C_Init               text8        007F42
__end_of_I2C_Rd                 text6        007F5C
__end_of_I2C_Start              text5        007F14
__end_of_I2C_Stop               text4        007F1C
__end_of_I2C_Wr                 text3        007F28
__end_of_PCF8574A_Rd            text2        007FA0
__end_of_PCF8574_Wr             text1        007F7C
__end_of__initialization        cinit        007F06
__end_of_main                   text0        008000
__initialization                cinit        007F06
__mediumconst                   mediumconst  000000
__pcinit                        cinit        007F06
__pcstackCOMRAM                 cstackCOMRAM 000001
__pnvCOMRAM                     nvCOMRAM     000007
__ptext0                        text0        007FC6
__ptext1                        text1        007F5C
__ptext2                        text2        007F7C
__ptext3                        text3        007F1C
__ptext4                        text4        007F14
__ptext5                        text5        007F0C
__ptext6                        text6        007F42
__ptext7                        text7        007FA0
__ptext8                        text8        007F28
__ramtop                        ramtop       000800
__smallconst                    smallconst   000000
_data                           nvCOMRAM     000007
_main                           text0        007FC6
end_of_initialization           cinit        007F06
intlevel0                       text         000000
intlevel1                       text         000000
intlevel2                       text         000000
intlevel3                       text         000000
isa$std                         (abs)        000001
isa$xinst                       (abs)        000000
stackhi                         (abs)        000000
stacklo                         (abs)        000000
start                           init         000000
start_initialization            cinit        007F06


MODULE INFORMATION

Module		Function		Class		Link	Load	Size
PCF_LIB.c
		_PCF8574_Wr    		CODE           	7F5C	0000	32
		_PCF8574A_Rd   		CODE           	7F7C	0000	36

PCF_LIB.c estimated size: 68

I2C_LIB.c
		_I2C_Condiciones_Espera		CODE           	7FA0	0000	38
		_I2C_Wr        		CODE           	7F1C	0000	12
		_I2C_Rd        		CODE           	7F42	0000	26
		_I2C_Stop      		CODE           	7F14	0000	8
		_I2C_Init      		CODE           	7F28	0000	26
		_I2C_Start     		CODE           	7F0C	0000	8

I2C_LIB.c estimated size: 118

shared
		__initialization		CODE           	7F06	0000	1

shared estimated size: 1

main.c
		_main          		CODE           	7FC6	0000	58

main.c estimated size: 58

